[0.007s] Invoking command in '/home/gy/ROS2_Coming/02lidar/fishbot_ws/build/ydlidar': CMAKE_PREFIX_PATH=${CMAKE_PREFIX_PATH}:/opt/ros/humble /usr/bin/cmake --build /home/gy/ROS2_Coming/02lidar/fishbot_ws/build/ydlidar -- -j20 -l20
[0.054s] [  9%] [32m[1mLinking CXX executable ydlidar_client[0m
[0.058s] [ 18%] [32m[1mLinking CXX executable ydlidar_node[0m
[0.211s] [ 90%] Built target ydlidar_node
[0.288s] [100%] Built target ydlidar_client
[0.297s] Invoked command in '/home/gy/ROS2_Coming/02lidar/fishbot_ws/build/ydlidar' returned '0': CMAKE_PREFIX_PATH=${CMAKE_PREFIX_PATH}:/opt/ros/humble /usr/bin/cmake --build /home/gy/ROS2_Coming/02lidar/fishbot_ws/build/ydlidar -- -j20 -l20
[0.338s] Invoking command in '/home/gy/ROS2_Coming/02lidar/fishbot_ws/build/ydlidar': CMAKE_PREFIX_PATH=${CMAKE_PREFIX_PATH}:/opt/ros/humble /usr/bin/cmake --install /home/gy/ROS2_Coming/02lidar/fishbot_ws/build/ydlidar
[0.344s] -- Install configuration: ""
[0.344s] -- Installing: /home/gy/ROS2_Coming/02lidar/fishbot_ws/install/ydlidar/lib/ydlidar/ydlidar_node
[0.345s] -- Set runtime path of "/home/gy/ROS2_Coming/02lidar/fishbot_ws/install/ydlidar/lib/ydlidar/ydlidar_node" to ""
[0.346s] -- Installing: /home/gy/ROS2_Coming/02lidar/fishbot_ws/install/ydlidar/lib/ydlidar/ydlidar_client
[0.349s] -- Set runtime path of "/home/gy/ROS2_Coming/02lidar/fishbot_ws/install/ydlidar/lib/ydlidar/ydlidar_client" to ""
[0.349s] -- Up-to-date: /home/gy/ROS2_Coming/02lidar/fishbot_ws/install/ydlidar/share/ydlidar/launch
[0.349s] -- Up-to-date: /home/gy/ROS2_Coming/02lidar/fishbot_ws/install/ydlidar/share/ydlidar/launch/ydlidar.py
[0.349s] -- Up-to-date: /home/gy/ROS2_Coming/02lidar/fishbot_ws/install/ydlidar/share/ydlidar/launch/ydlidar_launch.py
[0.349s] -- Up-to-date: /home/gy/ROS2_Coming/02lidar/fishbot_ws/install/ydlidar/share/ydlidar/params
[0.349s] -- Installing: /home/gy/ROS2_Coming/02lidar/fishbot_ws/install/ydlidar/share/ydlidar/params/ydlidar.yaml
[0.349s] -- Up-to-date: /home/gy/ROS2_Coming/02lidar/fishbot_ws/install/ydlidar/share/ydlidar/startup
[0.349s] -- Up-to-date: /home/gy/ROS2_Coming/02lidar/fishbot_ws/install/ydlidar/share/ydlidar/startup/initenv.sh
[0.349s] -- Up-to-date: /home/gy/ROS2_Coming/02lidar/fishbot_ws/install/ydlidar/share/ament_index/resource_index/package_run_dependencies/ydlidar
[0.349s] -- Up-to-date: /home/gy/ROS2_Coming/02lidar/fishbot_ws/install/ydlidar/share/ament_index/resource_index/parent_prefix_path/ydlidar
[0.349s] -- Up-to-date: /home/gy/ROS2_Coming/02lidar/fishbot_ws/install/ydlidar/share/ydlidar/environment/ament_prefix_path.sh
[0.349s] -- Up-to-date: /home/gy/ROS2_Coming/02lidar/fishbot_ws/install/ydlidar/share/ydlidar/environment/ament_prefix_path.dsv
[0.349s] -- Up-to-date: /home/gy/ROS2_Coming/02lidar/fishbot_ws/install/ydlidar/share/ydlidar/environment/path.sh
[0.349s] -- Up-to-date: /home/gy/ROS2_Coming/02lidar/fishbot_ws/install/ydlidar/share/ydlidar/environment/path.dsv
[0.349s] -- Up-to-date: /home/gy/ROS2_Coming/02lidar/fishbot_ws/install/ydlidar/share/ydlidar/local_setup.bash
[0.349s] -- Up-to-date: /home/gy/ROS2_Coming/02lidar/fishbot_ws/install/ydlidar/share/ydlidar/local_setup.sh
[0.350s] -- Up-to-date: /home/gy/ROS2_Coming/02lidar/fishbot_ws/install/ydlidar/share/ydlidar/local_setup.zsh
[0.350s] -- Up-to-date: /home/gy/ROS2_Coming/02lidar/fishbot_ws/install/ydlidar/share/ydlidar/local_setup.dsv
[0.350s] -- Installing: /home/gy/ROS2_Coming/02lidar/fishbot_ws/install/ydlidar/share/ydlidar/package.dsv
[0.350s] -- Up-to-date: /home/gy/ROS2_Coming/02lidar/fishbot_ws/install/ydlidar/share/ament_index/resource_index/packages/ydlidar
[0.350s] -- Up-to-date: /home/gy/ROS2_Coming/02lidar/fishbot_ws/install/ydlidar/share/ydlidar/cmake/ydlidarConfig.cmake
[0.350s] -- Up-to-date: /home/gy/ROS2_Coming/02lidar/fishbot_ws/install/ydlidar/share/ydlidar/cmake/ydlidarConfig-version.cmake
[0.350s] -- Up-to-date: /home/gy/ROS2_Coming/02lidar/fishbot_ws/install/ydlidar/share/ydlidar/package.xml
[0.352s] Invoked command in '/home/gy/ROS2_Coming/02lidar/fishbot_ws/build/ydlidar' returned '0': CMAKE_PREFIX_PATH=${CMAKE_PREFIX_PATH}:/opt/ros/humble /usr/bin/cmake --install /home/gy/ROS2_Coming/02lidar/fishbot_ws/build/ydlidar
