[0.069s] DEBUG:colcon:Command line arguments: ['/usr/bin/colcon', 'build']
[0.069s] DEBUG:colcon:Parsed command line arguments: Namespace(log_base=None, log_level=None, verb_name='build', build_base='build', install_base='install', merge_install=False, symlink_install=False, test_result_base=None, continue_on_error=False, executor='parallel', parallel_workers=20, event_handlers=None, ignore_user_meta=False, metas=['./colcon.meta'], base_paths=['.'], packages_ignore=None, packages_ignore_regex=None, paths=None, packages_up_to=None, packages_up_to_regex=None, packages_above=None, packages_above_and_dependencies=None, packages_above_depth=None, packages_select_by_dep=None, packages_skip_by_dep=None, packages_skip_up_to=None, packages_select_build_failed=False, packages_skip_build_finished=False, packages_select_test_failures=False, packages_skip_test_passed=False, packages_select=None, packages_skip=None, packages_select_regex=None, packages_skip_regex=None, packages_start=None, packages_end=None, allow_overriding=[], cmake_args=None, cmake_target=None, cmake_target_skip_unavailable=False, cmake_clean_cache=False, cmake_clean_first=False, cmake_force_configure=False, ament_cmake_args=None, catkin_cmake_args=None, catkin_skip_building_tests=False, verb_parser=<colcon_defaults.argument_parser.defaults.DefaultArgumentsDecorator object at 0x7b052fc367a0>, verb_extension=<colcon_core.verb.build.BuildVerb object at 0x7b052fd2b2e0>, main=<bound method BuildVerb.main of <colcon_core.verb.build.BuildVerb object at 0x7b052fd2b2e0>>)
[0.183s] Level 1:colcon.colcon_core.package_discovery:discover_packages(colcon_meta) check parameters
[0.183s] Level 1:colcon.colcon_core.package_discovery:discover_packages(recursive) check parameters
[0.184s] Level 1:colcon.colcon_core.package_discovery:discover_packages(ignore) check parameters
[0.184s] Level 1:colcon.colcon_core.package_discovery:discover_packages(path) check parameters
[0.184s] Level 1:colcon.colcon_core.package_discovery:discover_packages(colcon_meta) discover
[0.184s] Level 1:colcon.colcon_core.package_discovery:discover_packages(recursive) discover
[0.184s] INFO:colcon.colcon_core.package_discovery:Crawling recursively for packages in '/home/gy/ROS2_Coming-ROS_Carto/02carto/colcon_ws'
[0.184s] Level 1:colcon.colcon_core.package_identification:_identify(.) by extensions ['ignore', 'ignore_ament_install']
[0.184s] Level 1:colcon.colcon_core.package_identification:_identify(.) by extension 'ignore'
[0.184s] Level 1:colcon.colcon_core.package_identification:_identify(.) by extension 'ignore_ament_install'
[0.184s] Level 1:colcon.colcon_core.package_identification:_identify(.) by extensions ['colcon_pkg']
[0.184s] Level 1:colcon.colcon_core.package_identification:_identify(.) by extension 'colcon_pkg'
[0.184s] Level 1:colcon.colcon_core.package_identification:_identify(.) by extensions ['colcon_meta']
[0.184s] Level 1:colcon.colcon_core.package_identification:_identify(.) by extension 'colcon_meta'
[0.184s] Level 1:colcon.colcon_core.package_identification:_identify(.) by extensions ['ros']
[0.184s] Level 1:colcon.colcon_core.package_identification:_identify(.) by extension 'ros'
[0.190s] Level 1:colcon.colcon_core.package_identification:_identify(.) by extensions ['cmake', 'python']
[0.190s] Level 1:colcon.colcon_core.package_identification:_identify(.) by extension 'cmake'
[0.190s] Level 1:colcon.colcon_core.package_identification:_identify(.) by extension 'python'
[0.190s] Level 1:colcon.colcon_core.package_identification:_identify(.) by extensions ['python_setup_py']
[0.190s] Level 1:colcon.colcon_core.package_identification:_identify(.) by extension 'python_setup_py'
[0.190s] Level 1:colcon.colcon_core.package_identification:_identify(build) by extensions ['ignore', 'ignore_ament_install']
[0.191s] Level 1:colcon.colcon_core.package_identification:_identify(build) by extension 'ignore'
[0.191s] Level 1:colcon.colcon_core.package_identification:_identify(build) ignored
[0.191s] Level 1:colcon.colcon_core.package_identification:_identify(install) by extensions ['ignore', 'ignore_ament_install']
[0.191s] Level 1:colcon.colcon_core.package_identification:_identify(install) by extension 'ignore'
[0.191s] Level 1:colcon.colcon_core.package_identification:_identify(install) ignored
[0.191s] Level 1:colcon.colcon_core.package_identification:_identify(log) by extensions ['ignore', 'ignore_ament_install']
[0.191s] Level 1:colcon.colcon_core.package_identification:_identify(log) by extension 'ignore'
[0.191s] Level 1:colcon.colcon_core.package_identification:_identify(log) ignored
[0.191s] Level 1:colcon.colcon_core.package_identification:_identify(src) by extensions ['ignore', 'ignore_ament_install']
[0.191s] Level 1:colcon.colcon_core.package_identification:_identify(src) by extension 'ignore'
[0.191s] Level 1:colcon.colcon_core.package_identification:_identify(src) by extension 'ignore_ament_install'
[0.191s] Level 1:colcon.colcon_core.package_identification:_identify(src) by extensions ['colcon_pkg']
[0.191s] Level 1:colcon.colcon_core.package_identification:_identify(src) by extension 'colcon_pkg'
[0.191s] Level 1:colcon.colcon_core.package_identification:_identify(src) by extensions ['colcon_meta']
[0.191s] Level 1:colcon.colcon_core.package_identification:_identify(src) by extension 'colcon_meta'
[0.191s] Level 1:colcon.colcon_core.package_identification:_identify(src) by extensions ['ros']
[0.191s] Level 1:colcon.colcon_core.package_identification:_identify(src) by extension 'ros'
[0.191s] Level 1:colcon.colcon_core.package_identification:_identify(src) by extensions ['cmake', 'python']
[0.191s] Level 1:colcon.colcon_core.package_identification:_identify(src) by extension 'cmake'
[0.191s] Level 1:colcon.colcon_core.package_identification:_identify(src) by extension 'python'
[0.191s] Level 1:colcon.colcon_core.package_identification:_identify(src) by extensions ['python_setup_py']
[0.191s] Level 1:colcon.colcon_core.package_identification:_identify(src) by extension 'python_setup_py'
[0.191s] Level 1:colcon.colcon_core.package_identification:_identify(src/fishbot_cartographer) by extensions ['ignore', 'ignore_ament_install']
[0.191s] Level 1:colcon.colcon_core.package_identification:_identify(src/fishbot_cartographer) by extension 'ignore'
[0.191s] Level 1:colcon.colcon_core.package_identification:_identify(src/fishbot_cartographer) by extension 'ignore_ament_install'
[0.191s] Level 1:colcon.colcon_core.package_identification:_identify(src/fishbot_cartographer) by extensions ['colcon_pkg']
[0.191s] Level 1:colcon.colcon_core.package_identification:_identify(src/fishbot_cartographer) by extension 'colcon_pkg'
[0.191s] Level 1:colcon.colcon_core.package_identification:_identify(src/fishbot_cartographer) by extensions ['colcon_meta']
[0.191s] Level 1:colcon.colcon_core.package_identification:_identify(src/fishbot_cartographer) by extension 'colcon_meta'
[0.191s] Level 1:colcon.colcon_core.package_identification:_identify(src/fishbot_cartographer) by extensions ['ros']
[0.191s] Level 1:colcon.colcon_core.package_identification:_identify(src/fishbot_cartographer) by extension 'ros'
[0.193s] DEBUG:colcon.colcon_core.package_identification:Package 'src/fishbot_cartographer' with type 'ros.ament_cmake' and name 'fishbot_cartographer'
[0.193s] Level 1:colcon.colcon_core.package_identification:_identify(src/fishbot_navigation2) by extensions ['ignore', 'ignore_ament_install']
[0.193s] Level 1:colcon.colcon_core.package_identification:_identify(src/fishbot_navigation2) by extension 'ignore'
[0.193s] Level 1:colcon.colcon_core.package_identification:_identify(src/fishbot_navigation2) by extension 'ignore_ament_install'
[0.193s] Level 1:colcon.colcon_core.package_identification:_identify(src/fishbot_navigation2) by extensions ['colcon_pkg']
[0.193s] Level 1:colcon.colcon_core.package_identification:_identify(src/fishbot_navigation2) by extension 'colcon_pkg'
[0.193s] Level 1:colcon.colcon_core.package_identification:_identify(src/fishbot_navigation2) by extensions ['colcon_meta']
[0.193s] Level 1:colcon.colcon_core.package_identification:_identify(src/fishbot_navigation2) by extension 'colcon_meta'
[0.193s] Level 1:colcon.colcon_core.package_identification:_identify(src/fishbot_navigation2) by extensions ['ros']
[0.193s] Level 1:colcon.colcon_core.package_identification:_identify(src/fishbot_navigation2) by extension 'ros'
[0.193s] DEBUG:colcon.colcon_core.package_identification:Package 'src/fishbot_navigation2' with type 'ros.ament_cmake' and name 'fishbot_navigation2'
[0.193s] Level 1:colcon.colcon_core.package_discovery:discover_packages(recursive) using defaults
[0.193s] Level 1:colcon.colcon_core.package_discovery:discover_packages(ignore) discover
[0.194s] Level 1:colcon.colcon_core.package_discovery:discover_packages(ignore) using defaults
[0.194s] Level 1:colcon.colcon_core.package_discovery:discover_packages(path) discover
[0.194s] Level 1:colcon.colcon_core.package_discovery:discover_packages(path) using defaults
[0.206s] Level 1:colcon.colcon_core.package_discovery:discover_packages(prefix_path) check parameters
[0.206s] Level 1:colcon.colcon_core.package_discovery:discover_packages(prefix_path) discover
[0.207s] DEBUG:colcon.colcon_installed_package_information.package_discovery:Found 2 installed packages in /home/gy/ROS2_Coming-ROS_Carto/02carto/colcon_ws/install
[0.208s] DEBUG:colcon.colcon_installed_package_information.package_discovery:Found 331 installed packages in /opt/ros/humble
[0.214s] Level 1:colcon.colcon_core.package_discovery:discover_packages(prefix_path) using defaults
[0.235s] Level 5:colcon.colcon_core.verb:set package 'fishbot_cartographer' build argument 'cmake_args' from command line to 'None'
[0.235s] Level 5:colcon.colcon_core.verb:set package 'fishbot_cartographer' build argument 'cmake_target' from command line to 'None'
[0.235s] Level 5:colcon.colcon_core.verb:set package 'fishbot_cartographer' build argument 'cmake_target_skip_unavailable' from command line to 'False'
[0.235s] Level 5:colcon.colcon_core.verb:set package 'fishbot_cartographer' build argument 'cmake_clean_cache' from command line to 'False'
[0.235s] Level 5:colcon.colcon_core.verb:set package 'fishbot_cartographer' build argument 'cmake_clean_first' from command line to 'False'
[0.235s] Level 5:colcon.colcon_core.verb:set package 'fishbot_cartographer' build argument 'cmake_force_configure' from command line to 'False'
[0.235s] Level 5:colcon.colcon_core.verb:set package 'fishbot_cartographer' build argument 'ament_cmake_args' from command line to 'None'
[0.235s] Level 5:colcon.colcon_core.verb:set package 'fishbot_cartographer' build argument 'catkin_cmake_args' from command line to 'None'
[0.235s] Level 5:colcon.colcon_core.verb:set package 'fishbot_cartographer' build argument 'catkin_skip_building_tests' from command line to 'False'
[0.235s] DEBUG:colcon.colcon_core.verb:Building package 'fishbot_cartographer' with the following arguments: {'ament_cmake_args': None, 'build_base': '/home/gy/ROS2_Coming-ROS_Carto/02carto/colcon_ws/build/fishbot_cartographer', 'catkin_cmake_args': None, 'catkin_skip_building_tests': False, 'cmake_args': None, 'cmake_clean_cache': False, 'cmake_clean_first': False, 'cmake_force_configure': False, 'cmake_target': None, 'cmake_target_skip_unavailable': False, 'install_base': '/home/gy/ROS2_Coming-ROS_Carto/02carto/colcon_ws/install/fishbot_cartographer', 'merge_install': False, 'path': '/home/gy/ROS2_Coming-ROS_Carto/02carto/colcon_ws/src/fishbot_cartographer', 'symlink_install': False, 'test_result_base': None}
[0.235s] Level 5:colcon.colcon_core.verb:set package 'fishbot_navigation2' build argument 'cmake_args' from command line to 'None'
[0.236s] Level 5:colcon.colcon_core.verb:set package 'fishbot_navigation2' build argument 'cmake_target' from command line to 'None'
[0.236s] Level 5:colcon.colcon_core.verb:set package 'fishbot_navigation2' build argument 'cmake_target_skip_unavailable' from command line to 'False'
[0.236s] Level 5:colcon.colcon_core.verb:set package 'fishbot_navigation2' build argument 'cmake_clean_cache' from command line to 'False'
[0.236s] Level 5:colcon.colcon_core.verb:set package 'fishbot_navigation2' build argument 'cmake_clean_first' from command line to 'False'
[0.236s] Level 5:colcon.colcon_core.verb:set package 'fishbot_navigation2' build argument 'cmake_force_configure' from command line to 'False'
[0.236s] Level 5:colcon.colcon_core.verb:set package 'fishbot_navigation2' build argument 'ament_cmake_args' from command line to 'None'
[0.236s] Level 5:colcon.colcon_core.verb:set package 'fishbot_navigation2' build argument 'catkin_cmake_args' from command line to 'None'
[0.236s] Level 5:colcon.colcon_core.verb:set package 'fishbot_navigation2' build argument 'catkin_skip_building_tests' from command line to 'False'
[0.236s] DEBUG:colcon.colcon_core.verb:Building package 'fishbot_navigation2' with the following arguments: {'ament_cmake_args': None, 'build_base': '/home/gy/ROS2_Coming-ROS_Carto/02carto/colcon_ws/build/fishbot_navigation2', 'catkin_cmake_args': None, 'catkin_skip_building_tests': False, 'cmake_args': None, 'cmake_clean_cache': False, 'cmake_clean_first': False, 'cmake_force_configure': False, 'cmake_target': None, 'cmake_target_skip_unavailable': False, 'install_base': '/home/gy/ROS2_Coming-ROS_Carto/02carto/colcon_ws/install/fishbot_navigation2', 'merge_install': False, 'path': '/home/gy/ROS2_Coming-ROS_Carto/02carto/colcon_ws/src/fishbot_navigation2', 'symlink_install': False, 'test_result_base': None}
[0.236s] INFO:colcon.colcon_core.executor:Executing jobs using 'parallel' executor
[0.236s] DEBUG:colcon.colcon_parallel_executor.executor.parallel:run_until_complete
[0.236s] INFO:colcon.colcon_ros.task.ament_cmake.build:Building ROS package in '/home/gy/ROS2_Coming-ROS_Carto/02carto/colcon_ws/src/fishbot_cartographer' with build type 'ament_cmake'
[0.237s] INFO:colcon.colcon_cmake.task.cmake.build:Building CMake package in '/home/gy/ROS2_Coming-ROS_Carto/02carto/colcon_ws/src/fishbot_cartographer'
[0.238s] INFO:colcon.colcon_core.plugin_system:Skipping extension 'colcon_core.shell.bat': Not used on non-Windows systems
[0.238s] INFO:colcon.colcon_core.shell:Skip shell extension 'powershell' for command environment: Not usable outside of PowerShell
[0.238s] DEBUG:colcon.colcon_core.shell:Skip shell extension 'dsv' for command environment
[0.241s] INFO:colcon.colcon_ros.task.ament_cmake.build:Building ROS package in '/home/gy/ROS2_Coming-ROS_Carto/02carto/colcon_ws/src/fishbot_navigation2' with build type 'ament_cmake'
[0.241s] INFO:colcon.colcon_cmake.task.cmake.build:Building CMake package in '/home/gy/ROS2_Coming-ROS_Carto/02carto/colcon_ws/src/fishbot_navigation2'
[0.241s] INFO:colcon.colcon_core.shell:Skip shell extension 'powershell' for command environment: Not usable outside of PowerShell
[0.241s] DEBUG:colcon.colcon_core.shell:Skip shell extension 'dsv' for command environment
[0.248s] DEBUG:colcon.colcon_core.event_handler.log_command:Invoking command in '/home/gy/ROS2_Coming-ROS_Carto/02carto/colcon_ws/build/fishbot_cartographer': CMAKE_PREFIX_PATH=${CMAKE_PREFIX_PATH}:/opt/ros/humble /usr/bin/cmake --build /home/gy/ROS2_Coming-ROS_Carto/02carto/colcon_ws/build/fishbot_cartographer -- -j20 -l20
[0.250s] DEBUG:colcon.colcon_core.event_handler.log_command:Invoking command in '/home/gy/ROS2_Coming-ROS_Carto/02carto/colcon_ws/build/fishbot_navigation2': CMAKE_PREFIX_PATH=${CMAKE_PREFIX_PATH}:/opt/ros/humble /usr/bin/cmake --build /home/gy/ROS2_Coming-ROS_Carto/02carto/colcon_ws/build/fishbot_navigation2 -- -j20 -l20
[0.279s] DEBUG:colcon.colcon_core.event_handler.log_command:Invoked command in '/home/gy/ROS2_Coming-ROS_Carto/02carto/colcon_ws/build/fishbot_cartographer' returned '0': CMAKE_PREFIX_PATH=${CMAKE_PREFIX_PATH}:/opt/ros/humble /usr/bin/cmake --build /home/gy/ROS2_Coming-ROS_Carto/02carto/colcon_ws/build/fishbot_cartographer -- -j20 -l20
[0.279s] DEBUG:colcon.colcon_core.event_handler.log_command:Invoked command in '/home/gy/ROS2_Coming-ROS_Carto/02carto/colcon_ws/build/fishbot_navigation2' returned '0': CMAKE_PREFIX_PATH=${CMAKE_PREFIX_PATH}:/opt/ros/humble /usr/bin/cmake --build /home/gy/ROS2_Coming-ROS_Carto/02carto/colcon_ws/build/fishbot_navigation2 -- -j20 -l20
[0.302s] DEBUG:colcon.colcon_core.event_handler.log_command:Invoking command in '/home/gy/ROS2_Coming-ROS_Carto/02carto/colcon_ws/build/fishbot_cartographer': CMAKE_PREFIX_PATH=${CMAKE_PREFIX_PATH}:/opt/ros/humble /usr/bin/cmake --install /home/gy/ROS2_Coming-ROS_Carto/02carto/colcon_ws/build/fishbot_cartographer
[0.304s] DEBUG:colcon.colcon_core.event_handler.log_command:Invoking command in '/home/gy/ROS2_Coming-ROS_Carto/02carto/colcon_ws/build/fishbot_navigation2': CMAKE_PREFIX_PATH=${CMAKE_PREFIX_PATH}:/opt/ros/humble /usr/bin/cmake --install /home/gy/ROS2_Coming-ROS_Carto/02carto/colcon_ws/build/fishbot_navigation2
[0.311s] Level 1:colcon.colcon_core.environment:create_environment_scripts_only(fishbot_cartographer)
[0.311s] DEBUG:colcon.colcon_core.event_handler.log_command:Invoked command in '/home/gy/ROS2_Coming-ROS_Carto/02carto/colcon_ws/build/fishbot_cartographer' returned '0': CMAKE_PREFIX_PATH=${CMAKE_PREFIX_PATH}:/opt/ros/humble /usr/bin/cmake --install /home/gy/ROS2_Coming-ROS_Carto/02carto/colcon_ws/build/fishbot_cartographer
[0.313s] Level 1:colcon.colcon_core.environment:checking '/home/gy/ROS2_Coming-ROS_Carto/02carto/colcon_ws/install/fishbot_cartographer' for CMake module files
[0.313s] Level 1:colcon.colcon_core.environment:checking '/home/gy/ROS2_Coming-ROS_Carto/02carto/colcon_ws/install/fishbot_cartographer' for CMake config files
[0.313s] Level 1:colcon.colcon_core.shell:create_environment_hook('fishbot_cartographer', 'cmake_prefix_path')
[0.314s] INFO:colcon.colcon_core.shell:Creating environment hook '/home/gy/ROS2_Coming-ROS_Carto/02carto/colcon_ws/install/fishbot_cartographer/share/fishbot_cartographer/hook/cmake_prefix_path.ps1'
[0.314s] INFO:colcon.colcon_core.shell:Creating environment descriptor '/home/gy/ROS2_Coming-ROS_Carto/02carto/colcon_ws/install/fishbot_cartographer/share/fishbot_cartographer/hook/cmake_prefix_path.dsv'
[0.314s] INFO:colcon.colcon_core.shell:Creating environment hook '/home/gy/ROS2_Coming-ROS_Carto/02carto/colcon_ws/install/fishbot_cartographer/share/fishbot_cartographer/hook/cmake_prefix_path.sh'
[0.315s] Level 1:colcon.colcon_core.environment:checking '/home/gy/ROS2_Coming-ROS_Carto/02carto/colcon_ws/install/fishbot_cartographer/bin'
[0.315s] Level 1:colcon.colcon_core.environment:checking '/home/gy/ROS2_Coming-ROS_Carto/02carto/colcon_ws/install/fishbot_cartographer/lib/pkgconfig/fishbot_cartographer.pc'
[0.315s] Level 1:colcon.colcon_core.environment:checking '/home/gy/ROS2_Coming-ROS_Carto/02carto/colcon_ws/install/fishbot_cartographer/lib/python3.10/site-packages'
[0.315s] Level 1:colcon.colcon_core.environment:checking '/home/gy/ROS2_Coming-ROS_Carto/02carto/colcon_ws/install/fishbot_cartographer/bin'
[0.315s] INFO:colcon.colcon_core.shell:Creating package script '/home/gy/ROS2_Coming-ROS_Carto/02carto/colcon_ws/install/fishbot_cartographer/share/fishbot_cartographer/package.ps1'
[0.316s] INFO:colcon.colcon_core.shell:Creating package descriptor '/home/gy/ROS2_Coming-ROS_Carto/02carto/colcon_ws/install/fishbot_cartographer/share/fishbot_cartographer/package.dsv'
[0.316s] INFO:colcon.colcon_core.shell:Creating package script '/home/gy/ROS2_Coming-ROS_Carto/02carto/colcon_ws/install/fishbot_cartographer/share/fishbot_cartographer/package.sh'
[0.317s] INFO:colcon.colcon_core.shell:Creating package script '/home/gy/ROS2_Coming-ROS_Carto/02carto/colcon_ws/install/fishbot_cartographer/share/fishbot_cartographer/package.bash'
[0.317s] INFO:colcon.colcon_core.shell:Creating package script '/home/gy/ROS2_Coming-ROS_Carto/02carto/colcon_ws/install/fishbot_cartographer/share/fishbot_cartographer/package.zsh'
[0.318s] Level 1:colcon.colcon_core.environment:create_file_with_runtime_dependencies(/home/gy/ROS2_Coming-ROS_Carto/02carto/colcon_ws/install/fishbot_cartographer/share/colcon-core/packages/fishbot_cartographer)
[0.318s] Level 1:colcon.colcon_core.environment:create_environment_scripts_only(fishbot_navigation2)
[0.318s] Level 1:colcon.colcon_core.environment:checking '/home/gy/ROS2_Coming-ROS_Carto/02carto/colcon_ws/install/fishbot_navigation2' for CMake module files
[0.318s] DEBUG:colcon.colcon_core.event_handler.log_command:Invoked command in '/home/gy/ROS2_Coming-ROS_Carto/02carto/colcon_ws/build/fishbot_navigation2' returned '0': CMAKE_PREFIX_PATH=${CMAKE_PREFIX_PATH}:/opt/ros/humble /usr/bin/cmake --install /home/gy/ROS2_Coming-ROS_Carto/02carto/colcon_ws/build/fishbot_navigation2
[0.319s] Level 1:colcon.colcon_core.environment:checking '/home/gy/ROS2_Coming-ROS_Carto/02carto/colcon_ws/install/fishbot_navigation2' for CMake config files
[0.319s] Level 1:colcon.colcon_core.shell:create_environment_hook('fishbot_navigation2', 'cmake_prefix_path')
[0.319s] INFO:colcon.colcon_core.shell:Creating environment hook '/home/gy/ROS2_Coming-ROS_Carto/02carto/colcon_ws/install/fishbot_navigation2/share/fishbot_navigation2/hook/cmake_prefix_path.ps1'
[0.319s] INFO:colcon.colcon_core.shell:Creating environment descriptor '/home/gy/ROS2_Coming-ROS_Carto/02carto/colcon_ws/install/fishbot_navigation2/share/fishbot_navigation2/hook/cmake_prefix_path.dsv'
[0.319s] INFO:colcon.colcon_core.shell:Creating environment hook '/home/gy/ROS2_Coming-ROS_Carto/02carto/colcon_ws/install/fishbot_navigation2/share/fishbot_navigation2/hook/cmake_prefix_path.sh'
[0.320s] Level 1:colcon.colcon_core.environment:checking '/home/gy/ROS2_Coming-ROS_Carto/02carto/colcon_ws/install/fishbot_navigation2/bin'
[0.320s] Level 1:colcon.colcon_core.environment:checking '/home/gy/ROS2_Coming-ROS_Carto/02carto/colcon_ws/install/fishbot_navigation2/lib/pkgconfig/fishbot_navigation2.pc'
[0.320s] Level 1:colcon.colcon_core.environment:checking '/home/gy/ROS2_Coming-ROS_Carto/02carto/colcon_ws/install/fishbot_navigation2/lib/python3.10/site-packages'
[0.320s] Level 1:colcon.colcon_core.environment:checking '/home/gy/ROS2_Coming-ROS_Carto/02carto/colcon_ws/install/fishbot_navigation2/bin'
[0.320s] INFO:colcon.colcon_core.shell:Creating package script '/home/gy/ROS2_Coming-ROS_Carto/02carto/colcon_ws/install/fishbot_navigation2/share/fishbot_navigation2/package.ps1'
[0.320s] INFO:colcon.colcon_core.shell:Creating package descriptor '/home/gy/ROS2_Coming-ROS_Carto/02carto/colcon_ws/install/fishbot_navigation2/share/fishbot_navigation2/package.dsv'
[0.320s] INFO:colcon.colcon_core.shell:Creating package script '/home/gy/ROS2_Coming-ROS_Carto/02carto/colcon_ws/install/fishbot_navigation2/share/fishbot_navigation2/package.sh'
[0.321s] INFO:colcon.colcon_core.shell:Creating package script '/home/gy/ROS2_Coming-ROS_Carto/02carto/colcon_ws/install/fishbot_navigation2/share/fishbot_navigation2/package.bash'
[0.321s] INFO:colcon.colcon_core.shell:Creating package script '/home/gy/ROS2_Coming-ROS_Carto/02carto/colcon_ws/install/fishbot_navigation2/share/fishbot_navigation2/package.zsh'
[0.321s] Level 1:colcon.colcon_core.environment:create_file_with_runtime_dependencies(/home/gy/ROS2_Coming-ROS_Carto/02carto/colcon_ws/install/fishbot_navigation2/share/colcon-core/packages/fishbot_navigation2)
[0.336s] Level 1:colcon.colcon_core.environment:create_environment_scripts_only(fishbot_cartographer)
[0.336s] Level 1:colcon.colcon_core.environment:checking '/home/gy/ROS2_Coming-ROS_Carto/02carto/colcon_ws/install/fishbot_cartographer' for CMake module files
[0.337s] Level 1:colcon.colcon_core.environment:checking '/home/gy/ROS2_Coming-ROS_Carto/02carto/colcon_ws/install/fishbot_cartographer' for CMake config files
[0.337s] Level 1:colcon.colcon_core.shell:create_environment_hook('fishbot_cartographer', 'cmake_prefix_path')
[0.337s] INFO:colcon.colcon_core.shell:Creating environment hook '/home/gy/ROS2_Coming-ROS_Carto/02carto/colcon_ws/install/fishbot_cartographer/share/fishbot_cartographer/hook/cmake_prefix_path.ps1'
[0.337s] INFO:colcon.colcon_core.shell:Creating environment descriptor '/home/gy/ROS2_Coming-ROS_Carto/02carto/colcon_ws/install/fishbot_cartographer/share/fishbot_cartographer/hook/cmake_prefix_path.dsv'
[0.337s] INFO:colcon.colcon_core.shell:Creating environment hook '/home/gy/ROS2_Coming-ROS_Carto/02carto/colcon_ws/install/fishbot_cartographer/share/fishbot_cartographer/hook/cmake_prefix_path.sh'
[0.338s] Level 1:colcon.colcon_core.environment:checking '/home/gy/ROS2_Coming-ROS_Carto/02carto/colcon_ws/install/fishbot_cartographer/bin'
[0.338s] Level 1:colcon.colcon_core.environment:checking '/home/gy/ROS2_Coming-ROS_Carto/02carto/colcon_ws/install/fishbot_cartographer/lib/pkgconfig/fishbot_cartographer.pc'
[0.338s] Level 1:colcon.colcon_core.environment:checking '/home/gy/ROS2_Coming-ROS_Carto/02carto/colcon_ws/install/fishbot_cartographer/lib/python3.10/site-packages'
[0.338s] Level 1:colcon.colcon_core.environment:checking '/home/gy/ROS2_Coming-ROS_Carto/02carto/colcon_ws/install/fishbot_cartographer/bin'
[0.338s] INFO:colcon.colcon_core.shell:Creating package script '/home/gy/ROS2_Coming-ROS_Carto/02carto/colcon_ws/install/fishbot_cartographer/share/fishbot_cartographer/package.ps1'
[0.339s] INFO:colcon.colcon_core.shell:Creating package descriptor '/home/gy/ROS2_Coming-ROS_Carto/02carto/colcon_ws/install/fishbot_cartographer/share/fishbot_cartographer/package.dsv'
[0.339s] INFO:colcon.colcon_core.shell:Creating package script '/home/gy/ROS2_Coming-ROS_Carto/02carto/colcon_ws/install/fishbot_cartographer/share/fishbot_cartographer/package.sh'
[0.339s] INFO:colcon.colcon_core.shell:Creating package script '/home/gy/ROS2_Coming-ROS_Carto/02carto/colcon_ws/install/fishbot_cartographer/share/fishbot_cartographer/package.bash'
[0.339s] INFO:colcon.colcon_core.shell:Creating package script '/home/gy/ROS2_Coming-ROS_Carto/02carto/colcon_ws/install/fishbot_cartographer/share/fishbot_cartographer/package.zsh'
[0.339s] Level 1:colcon.colcon_core.environment:create_file_with_runtime_dependencies(/home/gy/ROS2_Coming-ROS_Carto/02carto/colcon_ws/install/fishbot_cartographer/share/colcon-core/packages/fishbot_cartographer)
[0.340s] Level 1:colcon.colcon_core.environment:create_environment_scripts_only(fishbot_navigation2)
[0.340s] Level 1:colcon.colcon_core.environment:checking '/home/gy/ROS2_Coming-ROS_Carto/02carto/colcon_ws/install/fishbot_navigation2' for CMake module files
[0.340s] Level 1:colcon.colcon_core.environment:checking '/home/gy/ROS2_Coming-ROS_Carto/02carto/colcon_ws/install/fishbot_navigation2' for CMake config files
[0.340s] Level 1:colcon.colcon_core.shell:create_environment_hook('fishbot_navigation2', 'cmake_prefix_path')
[0.341s] INFO:colcon.colcon_core.shell:Creating environment hook '/home/gy/ROS2_Coming-ROS_Carto/02carto/colcon_ws/install/fishbot_navigation2/share/fishbot_navigation2/hook/cmake_prefix_path.ps1'
[0.341s] INFO:colcon.colcon_core.shell:Creating environment descriptor '/home/gy/ROS2_Coming-ROS_Carto/02carto/colcon_ws/install/fishbot_navigation2/share/fishbot_navigation2/hook/cmake_prefix_path.dsv'
[0.341s] INFO:colcon.colcon_core.shell:Creating environment hook '/home/gy/ROS2_Coming-ROS_Carto/02carto/colcon_ws/install/fishbot_navigation2/share/fishbot_navigation2/hook/cmake_prefix_path.sh'
[0.341s] Level 1:colcon.colcon_core.environment:checking '/home/gy/ROS2_Coming-ROS_Carto/02carto/colcon_ws/install/fishbot_navigation2/bin'
[0.341s] Level 1:colcon.colcon_core.environment:checking '/home/gy/ROS2_Coming-ROS_Carto/02carto/colcon_ws/install/fishbot_navigation2/lib/pkgconfig/fishbot_navigation2.pc'
[0.341s] Level 1:colcon.colcon_core.environment:checking '/home/gy/ROS2_Coming-ROS_Carto/02carto/colcon_ws/install/fishbot_navigation2/lib/python3.10/site-packages'
[0.342s] Level 1:colcon.colcon_core.environment:checking '/home/gy/ROS2_Coming-ROS_Carto/02carto/colcon_ws/install/fishbot_navigation2/bin'
[0.342s] INFO:colcon.colcon_core.shell:Creating package script '/home/gy/ROS2_Coming-ROS_Carto/02carto/colcon_ws/install/fishbot_navigation2/share/fishbot_navigation2/package.ps1'
[0.342s] INFO:colcon.colcon_core.shell:Creating package descriptor '/home/gy/ROS2_Coming-ROS_Carto/02carto/colcon_ws/install/fishbot_navigation2/share/fishbot_navigation2/package.dsv'
[0.342s] INFO:colcon.colcon_core.shell:Creating package script '/home/gy/ROS2_Coming-ROS_Carto/02carto/colcon_ws/install/fishbot_navigation2/share/fishbot_navigation2/package.sh'
[0.342s] INFO:colcon.colcon_core.shell:Creating package script '/home/gy/ROS2_Coming-ROS_Carto/02carto/colcon_ws/install/fishbot_navigation2/share/fishbot_navigation2/package.bash'
[0.343s] INFO:colcon.colcon_core.shell:Creating package script '/home/gy/ROS2_Coming-ROS_Carto/02carto/colcon_ws/install/fishbot_navigation2/share/fishbot_navigation2/package.zsh'
[0.343s] Level 1:colcon.colcon_core.environment:create_file_with_runtime_dependencies(/home/gy/ROS2_Coming-ROS_Carto/02carto/colcon_ws/install/fishbot_navigation2/share/colcon-core/packages/fishbot_navigation2)
[0.343s] DEBUG:colcon.colcon_parallel_executor.executor.parallel:closing loop
[0.343s] DEBUG:colcon.colcon_parallel_executor.executor.parallel:loop closed
[0.343s] DEBUG:colcon.colcon_parallel_executor.executor.parallel:run_until_complete finished with '0'
[0.343s] DEBUG:colcon.colcon_core.event_reactor:joining thread
[0.347s] INFO:colcon.colcon_core.plugin_system:Skipping extension 'colcon_notification.desktop_notification.terminal_notifier': Not used on non-Darwin systems
[0.347s] INFO:colcon.colcon_core.plugin_system:Skipping extension 'colcon_notification.desktop_notification.win32': Not used on non-Windows systems
[0.347s] INFO:colcon.colcon_notification.desktop_notification:Sending desktop notification using 'notify2'
[0.362s] DEBUG:colcon.colcon_core.event_reactor:joined thread
[0.362s] INFO:colcon.colcon_core.shell:Creating prefix script '/home/gy/ROS2_Coming-ROS_Carto/02carto/colcon_ws/install/local_setup.ps1'
[0.363s] INFO:colcon.colcon_core.shell:Creating prefix util module '/home/gy/ROS2_Coming-ROS_Carto/02carto/colcon_ws/install/_local_setup_util_ps1.py'
[0.364s] INFO:colcon.colcon_core.shell:Creating prefix chain script '/home/gy/ROS2_Coming-ROS_Carto/02carto/colcon_ws/install/setup.ps1'
[0.364s] INFO:colcon.colcon_core.shell:Creating prefix script '/home/gy/ROS2_Coming-ROS_Carto/02carto/colcon_ws/install/local_setup.sh'
[0.365s] INFO:colcon.colcon_core.shell:Creating prefix util module '/home/gy/ROS2_Coming-ROS_Carto/02carto/colcon_ws/install/_local_setup_util_sh.py'
[0.365s] INFO:colcon.colcon_core.shell:Creating prefix chain script '/home/gy/ROS2_Coming-ROS_Carto/02carto/colcon_ws/install/setup.sh'
[0.366s] INFO:colcon.colcon_core.shell:Creating prefix script '/home/gy/ROS2_Coming-ROS_Carto/02carto/colcon_ws/install/local_setup.bash'
[0.366s] INFO:colcon.colcon_core.shell:Creating prefix chain script '/home/gy/ROS2_Coming-ROS_Carto/02carto/colcon_ws/install/setup.bash'
[0.367s] INFO:colcon.colcon_core.shell:Creating prefix script '/home/gy/ROS2_Coming-ROS_Carto/02carto/colcon_ws/install/local_setup.zsh'
[0.367s] INFO:colcon.colcon_core.shell:Creating prefix chain script '/home/gy/ROS2_Coming-ROS_Carto/02carto/colcon_ws/install/setup.zsh'
