[0.054s] DEBUG:colcon:Command line arguments: ['/usr/bin/colcon', 'build']
[0.054s] DEBUG:colcon:Parsed command line arguments: Namespace(log_base=None, log_level=None, verb_name='build', build_base='build', install_base='install', merge_install=False, symlink_install=False, test_result_base=None, continue_on_error=False, executor='parallel', parallel_workers=20, event_handlers=None, ignore_user_meta=False, metas=['./colcon.meta'], base_paths=['.'], packages_ignore=None, packages_ignore_regex=None, paths=None, packages_up_to=None, packages_up_to_regex=None, packages_above=None, packages_above_and_dependencies=None, packages_above_depth=None, packages_select_by_dep=None, packages_skip_by_dep=None, packages_skip_up_to=None, packages_select_build_failed=False, packages_skip_build_finished=False, packages_select_test_failures=False, packages_skip_test_passed=False, packages_select=None, packages_skip=None, packages_select_regex=None, packages_skip_regex=None, packages_start=None, packages_end=None, allow_overriding=[], cmake_args=None, cmake_target=None, cmake_target_skip_unavailable=False, cmake_clean_cache=False, cmake_clean_first=False, cmake_force_configure=False, ament_cmake_args=None, catkin_cmake_args=None, catkin_skip_building_tests=False, verb_parser=<colcon_defaults.argument_parser.defaults.DefaultArgumentsDecorator object at 0x735215e32ad0>, verb_extension=<colcon_core.verb.build.BuildVerb object at 0x735215f2b610>, main=<bound method BuildVerb.main of <colcon_core.verb.build.BuildVerb object at 0x735215f2b610>>)
[0.135s] Level 1:colcon.colcon_core.package_discovery:discover_packages(colcon_meta) check parameters
[0.135s] Level 1:colcon.colcon_core.package_discovery:discover_packages(recursive) check parameters
[0.135s] Level 1:colcon.colcon_core.package_discovery:discover_packages(ignore) check parameters
[0.135s] Level 1:colcon.colcon_core.package_discovery:discover_packages(path) check parameters
[0.135s] Level 1:colcon.colcon_core.package_discovery:discover_packages(colcon_meta) discover
[0.135s] Level 1:colcon.colcon_core.package_discovery:discover_packages(recursive) discover
[0.135s] INFO:colcon.colcon_core.package_discovery:Crawling recursively for packages in '/home/gy/ROS2_Coming/05fishbot'
[0.135s] Level 1:colcon.colcon_core.package_identification:_identify(.) by extensions ['ignore', 'ignore_ament_install']
[0.135s] Level 1:colcon.colcon_core.package_identification:_identify(.) by extension 'ignore'
[0.136s] Level 1:colcon.colcon_core.package_identification:_identify(.) by extension 'ignore_ament_install'
[0.136s] Level 1:colcon.colcon_core.package_identification:_identify(.) by extensions ['colcon_pkg']
[0.136s] Level 1:colcon.colcon_core.package_identification:_identify(.) by extension 'colcon_pkg'
[0.136s] Level 1:colcon.colcon_core.package_identification:_identify(.) by extensions ['colcon_meta']
[0.136s] Level 1:colcon.colcon_core.package_identification:_identify(.) by extension 'colcon_meta'
[0.136s] Level 1:colcon.colcon_core.package_identification:_identify(.) by extensions ['ros']
[0.136s] Level 1:colcon.colcon_core.package_identification:_identify(.) by extension 'ros'
[0.142s] Level 1:colcon.colcon_core.package_identification:_identify(.) by extensions ['cmake', 'python']
[0.142s] Level 1:colcon.colcon_core.package_identification:_identify(.) by extension 'cmake'
[0.142s] Level 1:colcon.colcon_core.package_identification:_identify(.) by extension 'python'
[0.142s] Level 1:colcon.colcon_core.package_identification:_identify(.) by extensions ['python_setup_py']
[0.142s] Level 1:colcon.colcon_core.package_identification:_identify(.) by extension 'python_setup_py'
[0.142s] Level 1:colcon.colcon_core.package_identification:_identify(build) by extensions ['ignore', 'ignore_ament_install']
[0.142s] Level 1:colcon.colcon_core.package_identification:_identify(build) by extension 'ignore'
[0.142s] Level 1:colcon.colcon_core.package_identification:_identify(build) ignored
[0.142s] Level 1:colcon.colcon_core.package_identification:_identify(install) by extensions ['ignore', 'ignore_ament_install']
[0.143s] Level 1:colcon.colcon_core.package_identification:_identify(install) by extension 'ignore'
[0.143s] Level 1:colcon.colcon_core.package_identification:_identify(install) ignored
[0.143s] Level 1:colcon.colcon_core.package_identification:_identify(log) by extensions ['ignore', 'ignore_ament_install']
[0.143s] Level 1:colcon.colcon_core.package_identification:_identify(log) by extension 'ignore'
[0.143s] Level 1:colcon.colcon_core.package_identification:_identify(log) ignored
[0.143s] Level 1:colcon.colcon_core.package_identification:_identify(src) by extensions ['ignore', 'ignore_ament_install']
[0.143s] Level 1:colcon.colcon_core.package_identification:_identify(src) by extension 'ignore'
[0.143s] Level 1:colcon.colcon_core.package_identification:_identify(src) by extension 'ignore_ament_install'
[0.143s] Level 1:colcon.colcon_core.package_identification:_identify(src) by extensions ['colcon_pkg']
[0.143s] Level 1:colcon.colcon_core.package_identification:_identify(src) by extension 'colcon_pkg'
[0.143s] Level 1:colcon.colcon_core.package_identification:_identify(src) by extensions ['colcon_meta']
[0.143s] Level 1:colcon.colcon_core.package_identification:_identify(src) by extension 'colcon_meta'
[0.143s] Level 1:colcon.colcon_core.package_identification:_identify(src) by extensions ['ros']
[0.143s] Level 1:colcon.colcon_core.package_identification:_identify(src) by extension 'ros'
[0.143s] Level 1:colcon.colcon_core.package_identification:_identify(src) by extensions ['cmake', 'python']
[0.143s] Level 1:colcon.colcon_core.package_identification:_identify(src) by extension 'cmake'
[0.143s] Level 1:colcon.colcon_core.package_identification:_identify(src) by extension 'python'
[0.143s] Level 1:colcon.colcon_core.package_identification:_identify(src) by extensions ['python_setup_py']
[0.143s] Level 1:colcon.colcon_core.package_identification:_identify(src) by extension 'python_setup_py'
[0.143s] Level 1:colcon.colcon_core.package_identification:_identify(src/fishbot_bringup) by extensions ['ignore', 'ignore_ament_install']
[0.143s] Level 1:colcon.colcon_core.package_identification:_identify(src/fishbot_bringup) by extension 'ignore'
[0.143s] Level 1:colcon.colcon_core.package_identification:_identify(src/fishbot_bringup) by extension 'ignore_ament_install'
[0.143s] Level 1:colcon.colcon_core.package_identification:_identify(src/fishbot_bringup) by extensions ['colcon_pkg']
[0.143s] Level 1:colcon.colcon_core.package_identification:_identify(src/fishbot_bringup) by extension 'colcon_pkg'
[0.143s] Level 1:colcon.colcon_core.package_identification:_identify(src/fishbot_bringup) by extensions ['colcon_meta']
[0.143s] Level 1:colcon.colcon_core.package_identification:_identify(src/fishbot_bringup) by extension 'colcon_meta'
[0.143s] Level 1:colcon.colcon_core.package_identification:_identify(src/fishbot_bringup) by extensions ['ros']
[0.143s] Level 1:colcon.colcon_core.package_identification:_identify(src/fishbot_bringup) by extension 'ros'
[0.144s] DEBUG:colcon.colcon_core.package_identification:Package 'src/fishbot_bringup' with type 'ros.ament_cmake' and name 'fishbot_bringup'
[0.145s] Level 1:colcon.colcon_core.package_identification:_identify(src/fishbot_description) by extensions ['ignore', 'ignore_ament_install']
[0.145s] Level 1:colcon.colcon_core.package_identification:_identify(src/fishbot_description) by extension 'ignore'
[0.145s] Level 1:colcon.colcon_core.package_identification:_identify(src/fishbot_description) by extension 'ignore_ament_install'
[0.145s] Level 1:colcon.colcon_core.package_identification:_identify(src/fishbot_description) by extensions ['colcon_pkg']
[0.145s] Level 1:colcon.colcon_core.package_identification:_identify(src/fishbot_description) by extension 'colcon_pkg'
[0.145s] Level 1:colcon.colcon_core.package_identification:_identify(src/fishbot_description) by extensions ['colcon_meta']
[0.145s] Level 1:colcon.colcon_core.package_identification:_identify(src/fishbot_description) by extension 'colcon_meta'
[0.145s] Level 1:colcon.colcon_core.package_identification:_identify(src/fishbot_description) by extensions ['ros']
[0.145s] Level 1:colcon.colcon_core.package_identification:_identify(src/fishbot_description) by extension 'ros'
[0.145s] DEBUG:colcon.colcon_core.package_identification:Package 'src/fishbot_description' with type 'ros.ament_python' and name 'fishbot_description'
[0.145s] Level 1:colcon.colcon_core.package_discovery:discover_packages(recursive) using defaults
[0.145s] Level 1:colcon.colcon_core.package_discovery:discover_packages(ignore) discover
[0.145s] Level 1:colcon.colcon_core.package_discovery:discover_packages(ignore) using defaults
[0.145s] Level 1:colcon.colcon_core.package_discovery:discover_packages(path) discover
[0.145s] Level 1:colcon.colcon_core.package_discovery:discover_packages(path) using defaults
[0.156s] Level 1:colcon.colcon_core.package_discovery:discover_packages(prefix_path) check parameters
[0.156s] Level 1:colcon.colcon_core.package_discovery:discover_packages(prefix_path) discover
[0.156s] WARNING:colcon.colcon_ros.prefix_path.ament:The path '/home/gy/ROS2_Coming/05fishbot/install/fishbot_description' in the environment variable AMENT_PREFIX_PATH doesn't exist
[0.156s] WARNING:colcon.colcon_ros.prefix_path.ament:The path '/home/gy/ROS2_Coming/05fishbot/install/fishbot_bringup' in the environment variable AMENT_PREFIX_PATH doesn't exist
[0.156s] WARNING:colcon.colcon_ros.prefix_path.catkin:The path '/home/gy/ROS2_Coming/05fishbot/install/fishbot_bringup' in the environment variable CMAKE_PREFIX_PATH doesn't exist
[0.156s] DEBUG:colcon.colcon_installed_package_information.package_discovery:Found 0 installed packages in /home/gy/ROS2_Coming/05fishbot/install
[0.157s] DEBUG:colcon.colcon_installed_package_information.package_discovery:Found 331 installed packages in /opt/ros/humble
[0.163s] Level 1:colcon.colcon_core.package_discovery:discover_packages(prefix_path) using defaults
[0.184s] Level 5:colcon.colcon_core.verb:set package 'fishbot_bringup' build argument 'cmake_args' from command line to 'None'
[0.184s] Level 5:colcon.colcon_core.verb:set package 'fishbot_bringup' build argument 'cmake_target' from command line to 'None'
[0.184s] Level 5:colcon.colcon_core.verb:set package 'fishbot_bringup' build argument 'cmake_target_skip_unavailable' from command line to 'False'
[0.184s] Level 5:colcon.colcon_core.verb:set package 'fishbot_bringup' build argument 'cmake_clean_cache' from command line to 'False'
[0.184s] Level 5:colcon.colcon_core.verb:set package 'fishbot_bringup' build argument 'cmake_clean_first' from command line to 'False'
[0.184s] Level 5:colcon.colcon_core.verb:set package 'fishbot_bringup' build argument 'cmake_force_configure' from command line to 'False'
[0.184s] Level 5:colcon.colcon_core.verb:set package 'fishbot_bringup' build argument 'ament_cmake_args' from command line to 'None'
[0.184s] Level 5:colcon.colcon_core.verb:set package 'fishbot_bringup' build argument 'catkin_cmake_args' from command line to 'None'
[0.184s] Level 5:colcon.colcon_core.verb:set package 'fishbot_bringup' build argument 'catkin_skip_building_tests' from command line to 'False'
[0.184s] DEBUG:colcon.colcon_core.verb:Building package 'fishbot_bringup' with the following arguments: {'ament_cmake_args': None, 'build_base': '/home/gy/ROS2_Coming/05fishbot/build/fishbot_bringup', 'catkin_cmake_args': None, 'catkin_skip_building_tests': False, 'cmake_args': None, 'cmake_clean_cache': False, 'cmake_clean_first': False, 'cmake_force_configure': False, 'cmake_target': None, 'cmake_target_skip_unavailable': False, 'install_base': '/home/gy/ROS2_Coming/05fishbot/install/fishbot_bringup', 'merge_install': False, 'path': '/home/gy/ROS2_Coming/05fishbot/src/fishbot_bringup', 'symlink_install': False, 'test_result_base': None}
[0.185s] Level 5:colcon.colcon_core.verb:set package 'fishbot_description' build argument 'cmake_args' from command line to 'None'
[0.185s] Level 5:colcon.colcon_core.verb:set package 'fishbot_description' build argument 'cmake_target' from command line to 'None'
[0.185s] Level 5:colcon.colcon_core.verb:set package 'fishbot_description' build argument 'cmake_target_skip_unavailable' from command line to 'False'
[0.185s] Level 5:colcon.colcon_core.verb:set package 'fishbot_description' build argument 'cmake_clean_cache' from command line to 'False'
[0.185s] Level 5:colcon.colcon_core.verb:set package 'fishbot_description' build argument 'cmake_clean_first' from command line to 'False'
[0.185s] Level 5:colcon.colcon_core.verb:set package 'fishbot_description' build argument 'cmake_force_configure' from command line to 'False'
[0.185s] Level 5:colcon.colcon_core.verb:set package 'fishbot_description' build argument 'ament_cmake_args' from command line to 'None'
[0.185s] Level 5:colcon.colcon_core.verb:set package 'fishbot_description' build argument 'catkin_cmake_args' from command line to 'None'
[0.185s] Level 5:colcon.colcon_core.verb:set package 'fishbot_description' build argument 'catkin_skip_building_tests' from command line to 'False'
[0.185s] DEBUG:colcon.colcon_core.verb:Building package 'fishbot_description' with the following arguments: {'ament_cmake_args': None, 'build_base': '/home/gy/ROS2_Coming/05fishbot/build/fishbot_description', 'catkin_cmake_args': None, 'catkin_skip_building_tests': False, 'cmake_args': None, 'cmake_clean_cache': False, 'cmake_clean_first': False, 'cmake_force_configure': False, 'cmake_target': None, 'cmake_target_skip_unavailable': False, 'install_base': '/home/gy/ROS2_Coming/05fishbot/install/fishbot_description', 'merge_install': False, 'path': '/home/gy/ROS2_Coming/05fishbot/src/fishbot_description', 'symlink_install': False, 'test_result_base': None}
[0.185s] INFO:colcon.colcon_core.executor:Executing jobs using 'parallel' executor
[0.185s] DEBUG:colcon.colcon_parallel_executor.executor.parallel:run_until_complete
[0.186s] INFO:colcon.colcon_ros.task.ament_cmake.build:Building ROS package in '/home/gy/ROS2_Coming/05fishbot/src/fishbot_bringup' with build type 'ament_cmake'
[0.186s] INFO:colcon.colcon_cmake.task.cmake.build:Building CMake package in '/home/gy/ROS2_Coming/05fishbot/src/fishbot_bringup'
[0.187s] INFO:colcon.colcon_core.plugin_system:Skipping extension 'colcon_core.shell.bat': Not used on non-Windows systems
[0.187s] INFO:colcon.colcon_core.shell:Skip shell extension 'powershell' for command environment: Not usable outside of PowerShell
[0.187s] DEBUG:colcon.colcon_core.shell:Skip shell extension 'dsv' for command environment
[0.189s] INFO:colcon.colcon_ros.task.ament_python.build:Building ROS package in '/home/gy/ROS2_Coming/05fishbot/src/fishbot_description' with build type 'ament_python'
[0.189s] Level 1:colcon.colcon_core.shell:create_environment_hook('fishbot_description', 'ament_prefix_path')
[0.189s] INFO:colcon.colcon_core.shell:Creating environment hook '/home/gy/ROS2_Coming/05fishbot/install/fishbot_description/share/fishbot_description/hook/ament_prefix_path.ps1'
[0.189s] INFO:colcon.colcon_core.shell:Creating environment descriptor '/home/gy/ROS2_Coming/05fishbot/install/fishbot_description/share/fishbot_description/hook/ament_prefix_path.dsv'
[0.189s] INFO:colcon.colcon_core.shell:Creating environment hook '/home/gy/ROS2_Coming/05fishbot/install/fishbot_description/share/fishbot_description/hook/ament_prefix_path.sh'
[0.190s] INFO:colcon.colcon_core.shell:Skip shell extension 'powershell' for command environment: Not usable outside of PowerShell
[0.190s] DEBUG:colcon.colcon_core.shell:Skip shell extension 'dsv' for command environment
[0.195s] DEBUG:colcon.colcon_core.event_handler.log_command:Invoking command in '/home/gy/ROS2_Coming/05fishbot/build/fishbot_bringup': CMAKE_PREFIX_PATH=${CMAKE_PREFIX_PATH}:/home/gy/ROS2_Coming/05fishbot/install/fishbot_description:/opt/ros/humble /usr/bin/cmake /home/gy/ROS2_Coming/05fishbot/src/fishbot_bringup -DCMAKE_INSTALL_PREFIX=/home/gy/ROS2_Coming/05fishbot/install/fishbot_bringup
[0.327s] INFO:colcon.colcon_core.task.python.build:Building Python package in '/home/gy/ROS2_Coming/05fishbot/src/fishbot_description'
[0.327s] INFO:colcon.colcon_core.shell:Skip shell extension 'powershell' for command environment: Not usable outside of PowerShell
[0.327s] DEBUG:colcon.colcon_core.shell:Skip shell extension 'dsv' for command environment
[0.494s] DEBUG:colcon.colcon_core.event_handler.log_command:Invoking command in '/home/gy/ROS2_Coming/05fishbot/src/fishbot_description': PYTHONPATH=/home/gy/ROS2_Coming/05fishbot/build/fishbot_description/prefix_override:/usr/lib/python3/dist-packages/colcon_core/task/python/colcon_distutils_commands:/home/gy/ROS2_Coming/05fishbot/install/fishbot_description/lib/python3.10/site-packages:${PYTHONPATH} /usr/bin/python3 -W ignore:setup.py install is deprecated setup.py egg_info --egg-base ../../build/fishbot_description build --build-base /home/gy/ROS2_Coming/05fishbot/build/fishbot_description/build install --record /home/gy/ROS2_Coming/05fishbot/build/fishbot_description/install.log --single-version-externally-managed install_data
[0.644s] DEBUG:colcon.colcon_core.event_handler.log_command:Invoked command in '/home/gy/ROS2_Coming/05fishbot/src/fishbot_description' returned '0': PYTHONPATH=/home/gy/ROS2_Coming/05fishbot/build/fishbot_description/prefix_override:/usr/lib/python3/dist-packages/colcon_core/task/python/colcon_distutils_commands:/home/gy/ROS2_Coming/05fishbot/install/fishbot_description/lib/python3.10/site-packages:${PYTHONPATH} /usr/bin/python3 -W ignore:setup.py install is deprecated setup.py egg_info --egg-base ../../build/fishbot_description build --build-base /home/gy/ROS2_Coming/05fishbot/build/fishbot_description/build install --record /home/gy/ROS2_Coming/05fishbot/build/fishbot_description/install.log --single-version-externally-managed install_data
[0.646s] Level 1:colcon.colcon_core.environment:checking '/home/gy/ROS2_Coming/05fishbot/install/fishbot_description' for CMake module files
[0.646s] Level 1:colcon.colcon_core.environment:checking '/home/gy/ROS2_Coming/05fishbot/install/fishbot_description' for CMake config files
[0.647s] Level 1:colcon.colcon_core.environment:checking '/home/gy/ROS2_Coming/05fishbot/install/fishbot_description/lib'
[0.647s] Level 1:colcon.colcon_core.environment:checking '/home/gy/ROS2_Coming/05fishbot/install/fishbot_description/bin'
[0.647s] Level 1:colcon.colcon_core.environment:checking '/home/gy/ROS2_Coming/05fishbot/install/fishbot_description/lib/pkgconfig/fishbot_description.pc'
[0.647s] Level 1:colcon.colcon_core.environment:checking '/home/gy/ROS2_Coming/05fishbot/install/fishbot_description/lib/python3.10/site-packages'
[0.647s] Level 1:colcon.colcon_core.shell:create_environment_hook('fishbot_description', 'pythonpath')
[0.647s] INFO:colcon.colcon_core.shell:Creating environment hook '/home/gy/ROS2_Coming/05fishbot/install/fishbot_description/share/fishbot_description/hook/pythonpath.ps1'
[0.647s] INFO:colcon.colcon_core.shell:Creating environment descriptor '/home/gy/ROS2_Coming/05fishbot/install/fishbot_description/share/fishbot_description/hook/pythonpath.dsv'
[0.647s] INFO:colcon.colcon_core.shell:Creating environment hook '/home/gy/ROS2_Coming/05fishbot/install/fishbot_description/share/fishbot_description/hook/pythonpath.sh'
[0.648s] Level 1:colcon.colcon_core.environment:checking '/home/gy/ROS2_Coming/05fishbot/install/fishbot_description/bin'
[0.648s] Level 1:colcon.colcon_core.environment:create_environment_scripts_only(fishbot_description)
[0.648s] INFO:colcon.colcon_core.shell:Creating package script '/home/gy/ROS2_Coming/05fishbot/install/fishbot_description/share/fishbot_description/package.ps1'
[0.648s] INFO:colcon.colcon_core.shell:Creating package descriptor '/home/gy/ROS2_Coming/05fishbot/install/fishbot_description/share/fishbot_description/package.dsv'
[0.649s] INFO:colcon.colcon_core.shell:Creating package script '/home/gy/ROS2_Coming/05fishbot/install/fishbot_description/share/fishbot_description/package.sh'
[0.649s] INFO:colcon.colcon_core.shell:Creating package script '/home/gy/ROS2_Coming/05fishbot/install/fishbot_description/share/fishbot_description/package.bash'
[0.649s] INFO:colcon.colcon_core.shell:Creating package script '/home/gy/ROS2_Coming/05fishbot/install/fishbot_description/share/fishbot_description/package.zsh'
[0.650s] Level 1:colcon.colcon_core.environment:create_file_with_runtime_dependencies(/home/gy/ROS2_Coming/05fishbot/install/fishbot_description/share/colcon-core/packages/fishbot_description)
[1.067s] DEBUG:colcon.colcon_core.event_handler.log_command:Invoked command in '/home/gy/ROS2_Coming/05fishbot/build/fishbot_bringup' returned '0': CMAKE_PREFIX_PATH=${CMAKE_PREFIX_PATH}:/home/gy/ROS2_Coming/05fishbot/install/fishbot_description:/opt/ros/humble /usr/bin/cmake /home/gy/ROS2_Coming/05fishbot/src/fishbot_bringup -DCMAKE_INSTALL_PREFIX=/home/gy/ROS2_Coming/05fishbot/install/fishbot_bringup
[1.068s] DEBUG:colcon.colcon_core.event_handler.log_command:Invoking command in '/home/gy/ROS2_Coming/05fishbot/build/fishbot_bringup': CMAKE_PREFIX_PATH=${CMAKE_PREFIX_PATH}:/home/gy/ROS2_Coming/05fishbot/install/fishbot_description:/opt/ros/humble /usr/bin/cmake --build /home/gy/ROS2_Coming/05fishbot/build/fishbot_bringup -- -j20 -l20
[5.949s] DEBUG:colcon.colcon_core.event_handler.log_command:Invoked command in '/home/gy/ROS2_Coming/05fishbot/build/fishbot_bringup' returned '0': CMAKE_PREFIX_PATH=${CMAKE_PREFIX_PATH}:/home/gy/ROS2_Coming/05fishbot/install/fishbot_description:/opt/ros/humble /usr/bin/cmake --build /home/gy/ROS2_Coming/05fishbot/build/fishbot_bringup -- -j20 -l20
[5.982s] DEBUG:colcon.colcon_core.event_handler.log_command:Invoking command in '/home/gy/ROS2_Coming/05fishbot/build/fishbot_bringup': CMAKE_PREFIX_PATH=${CMAKE_PREFIX_PATH}:/home/gy/ROS2_Coming/05fishbot/install/fishbot_description:/opt/ros/humble /usr/bin/cmake --install /home/gy/ROS2_Coming/05fishbot/build/fishbot_bringup
[5.995s] Level 1:colcon.colcon_core.environment:create_environment_scripts_only(fishbot_bringup)
[5.995s] DEBUG:colcon.colcon_core.event_handler.log_command:Invoked command in '/home/gy/ROS2_Coming/05fishbot/build/fishbot_bringup' returned '0': CMAKE_PREFIX_PATH=${CMAKE_PREFIX_PATH}:/home/gy/ROS2_Coming/05fishbot/install/fishbot_description:/opt/ros/humble /usr/bin/cmake --install /home/gy/ROS2_Coming/05fishbot/build/fishbot_bringup
[5.995s] Level 1:colcon.colcon_core.environment:checking '/home/gy/ROS2_Coming/05fishbot/install/fishbot_bringup' for CMake module files
[5.995s] Level 1:colcon.colcon_core.environment:checking '/home/gy/ROS2_Coming/05fishbot/install/fishbot_bringup' for CMake config files
[5.995s] Level 1:colcon.colcon_core.shell:create_environment_hook('fishbot_bringup', 'cmake_prefix_path')
[5.996s] INFO:colcon.colcon_core.shell:Creating environment hook '/home/gy/ROS2_Coming/05fishbot/install/fishbot_bringup/share/fishbot_bringup/hook/cmake_prefix_path.ps1'
[5.996s] INFO:colcon.colcon_core.shell:Creating environment descriptor '/home/gy/ROS2_Coming/05fishbot/install/fishbot_bringup/share/fishbot_bringup/hook/cmake_prefix_path.dsv'
[5.996s] INFO:colcon.colcon_core.shell:Creating environment hook '/home/gy/ROS2_Coming/05fishbot/install/fishbot_bringup/share/fishbot_bringup/hook/cmake_prefix_path.sh'
[5.996s] Level 1:colcon.colcon_core.environment:checking '/home/gy/ROS2_Coming/05fishbot/install/fishbot_bringup/lib'
[5.996s] Level 1:colcon.colcon_core.environment:checking '/home/gy/ROS2_Coming/05fishbot/install/fishbot_bringup/bin'
[5.996s] Level 1:colcon.colcon_core.environment:checking '/home/gy/ROS2_Coming/05fishbot/install/fishbot_bringup/lib/pkgconfig/fishbot_bringup.pc'
[5.997s] Level 1:colcon.colcon_core.environment:checking '/home/gy/ROS2_Coming/05fishbot/install/fishbot_bringup/lib/python3.10/site-packages'
[5.997s] Level 1:colcon.colcon_core.environment:checking '/home/gy/ROS2_Coming/05fishbot/install/fishbot_bringup/bin'
[5.997s] INFO:colcon.colcon_core.shell:Creating package script '/home/gy/ROS2_Coming/05fishbot/install/fishbot_bringup/share/fishbot_bringup/package.ps1'
[5.997s] INFO:colcon.colcon_core.shell:Creating package descriptor '/home/gy/ROS2_Coming/05fishbot/install/fishbot_bringup/share/fishbot_bringup/package.dsv'
[5.997s] INFO:colcon.colcon_core.shell:Creating package script '/home/gy/ROS2_Coming/05fishbot/install/fishbot_bringup/share/fishbot_bringup/package.sh'
[5.998s] INFO:colcon.colcon_core.shell:Creating package script '/home/gy/ROS2_Coming/05fishbot/install/fishbot_bringup/share/fishbot_bringup/package.bash'
[5.998s] INFO:colcon.colcon_core.shell:Creating package script '/home/gy/ROS2_Coming/05fishbot/install/fishbot_bringup/share/fishbot_bringup/package.zsh'
[5.998s] Level 1:colcon.colcon_core.environment:create_file_with_runtime_dependencies(/home/gy/ROS2_Coming/05fishbot/install/fishbot_bringup/share/colcon-core/packages/fishbot_bringup)
[6.018s] Level 1:colcon.colcon_core.environment:create_environment_scripts_only(fishbot_bringup)
[6.018s] Level 1:colcon.colcon_core.environment:checking '/home/gy/ROS2_Coming/05fishbot/install/fishbot_bringup' for CMake module files
[6.018s] Level 1:colcon.colcon_core.environment:checking '/home/gy/ROS2_Coming/05fishbot/install/fishbot_bringup' for CMake config files
[6.019s] Level 1:colcon.colcon_core.shell:create_environment_hook('fishbot_bringup', 'cmake_prefix_path')
[6.019s] INFO:colcon.colcon_core.shell:Creating environment hook '/home/gy/ROS2_Coming/05fishbot/install/fishbot_bringup/share/fishbot_bringup/hook/cmake_prefix_path.ps1'
[6.019s] INFO:colcon.colcon_core.shell:Creating environment descriptor '/home/gy/ROS2_Coming/05fishbot/install/fishbot_bringup/share/fishbot_bringup/hook/cmake_prefix_path.dsv'
[6.019s] INFO:colcon.colcon_core.shell:Creating environment hook '/home/gy/ROS2_Coming/05fishbot/install/fishbot_bringup/share/fishbot_bringup/hook/cmake_prefix_path.sh'
[6.019s] Level 1:colcon.colcon_core.environment:checking '/home/gy/ROS2_Coming/05fishbot/install/fishbot_bringup/lib'
[6.020s] Level 1:colcon.colcon_core.environment:checking '/home/gy/ROS2_Coming/05fishbot/install/fishbot_bringup/bin'
[6.020s] Level 1:colcon.colcon_core.environment:checking '/home/gy/ROS2_Coming/05fishbot/install/fishbot_bringup/lib/pkgconfig/fishbot_bringup.pc'
[6.020s] Level 1:colcon.colcon_core.environment:checking '/home/gy/ROS2_Coming/05fishbot/install/fishbot_bringup/lib/python3.10/site-packages'
[6.020s] Level 1:colcon.colcon_core.environment:checking '/home/gy/ROS2_Coming/05fishbot/install/fishbot_bringup/bin'
[6.020s] INFO:colcon.colcon_core.shell:Creating package script '/home/gy/ROS2_Coming/05fishbot/install/fishbot_bringup/share/fishbot_bringup/package.ps1'
[6.020s] INFO:colcon.colcon_core.shell:Creating package descriptor '/home/gy/ROS2_Coming/05fishbot/install/fishbot_bringup/share/fishbot_bringup/package.dsv'
[6.020s] INFO:colcon.colcon_core.shell:Creating package script '/home/gy/ROS2_Coming/05fishbot/install/fishbot_bringup/share/fishbot_bringup/package.sh'
[6.021s] INFO:colcon.colcon_core.shell:Creating package script '/home/gy/ROS2_Coming/05fishbot/install/fishbot_bringup/share/fishbot_bringup/package.bash'
[6.021s] INFO:colcon.colcon_core.shell:Creating package script '/home/gy/ROS2_Coming/05fishbot/install/fishbot_bringup/share/fishbot_bringup/package.zsh'
[6.021s] Level 1:colcon.colcon_core.environment:create_file_with_runtime_dependencies(/home/gy/ROS2_Coming/05fishbot/install/fishbot_bringup/share/colcon-core/packages/fishbot_bringup)
[6.021s] DEBUG:colcon.colcon_parallel_executor.executor.parallel:closing loop
[6.022s] DEBUG:colcon.colcon_parallel_executor.executor.parallel:loop closed
[6.022s] DEBUG:colcon.colcon_parallel_executor.executor.parallel:run_until_complete finished with '0'
[6.022s] DEBUG:colcon.colcon_core.event_reactor:joining thread
[6.025s] INFO:colcon.colcon_core.plugin_system:Skipping extension 'colcon_notification.desktop_notification.terminal_notifier': Not used on non-Darwin systems
[6.025s] INFO:colcon.colcon_core.plugin_system:Skipping extension 'colcon_notification.desktop_notification.win32': Not used on non-Windows systems
[6.025s] INFO:colcon.colcon_notification.desktop_notification:Sending desktop notification using 'notify2'
[6.033s] DEBUG:colcon.colcon_core.event_reactor:joined thread
[6.034s] INFO:colcon.colcon_core.shell:Creating prefix script '/home/gy/ROS2_Coming/05fishbot/install/local_setup.ps1'
[6.035s] INFO:colcon.colcon_core.shell:Creating prefix util module '/home/gy/ROS2_Coming/05fishbot/install/_local_setup_util_ps1.py'
[6.036s] INFO:colcon.colcon_core.shell:Creating prefix chain script '/home/gy/ROS2_Coming/05fishbot/install/setup.ps1'
[6.036s] INFO:colcon.colcon_core.shell:Creating prefix script '/home/gy/ROS2_Coming/05fishbot/install/local_setup.sh'
[6.037s] INFO:colcon.colcon_core.shell:Creating prefix util module '/home/gy/ROS2_Coming/05fishbot/install/_local_setup_util_sh.py'
[6.037s] INFO:colcon.colcon_core.shell:Creating prefix chain script '/home/gy/ROS2_Coming/05fishbot/install/setup.sh'
[6.038s] INFO:colcon.colcon_core.shell:Creating prefix script '/home/gy/ROS2_Coming/05fishbot/install/local_setup.bash'
[6.038s] INFO:colcon.colcon_core.shell:Creating prefix chain script '/home/gy/ROS2_Coming/05fishbot/install/setup.bash'
[6.039s] INFO:colcon.colcon_core.shell:Creating prefix script '/home/gy/ROS2_Coming/05fishbot/install/local_setup.zsh'
[6.039s] INFO:colcon.colcon_core.shell:Creating prefix chain script '/home/gy/ROS2_Coming/05fishbot/install/setup.zsh'
