[0.007s] Invoking command in '/home/gy/ROS2_Coming/02lidar/fishbot_ws/build/ydlidar': CMAKE_PREFIX_PATH=${CMAKE_PREFIX_PATH}:/opt/ros/humble /usr/bin/cmake --build /home/gy/ROS2_Coming/02lidar/fishbot_ws/build/ydlidar -- -j20 -l20
[0.047s] [ 18%] Built target ydlidar_client
[0.052s] [100%] Built target ydlidar_node
[0.061s] Invoked command in '/home/gy/ROS2_Coming/02lidar/fishbot_ws/build/ydlidar' returned '0': CMAKE_PREFIX_PATH=${CMAKE_PREFIX_PATH}:/opt/ros/humble /usr/bin/cmake --build /home/gy/ROS2_Coming/02lidar/fishbot_ws/build/ydlidar -- -j20 -l20
[0.131s] Invoking command in '/home/gy/ROS2_Coming/02lidar/fishbot_ws/build/ydlidar': CMAKE_PREFIX_PATH=${CMAKE_PREFIX_PATH}:/opt/ros/humble /usr/bin/cmake --install /home/gy/ROS2_Coming/02lidar/fishbot_ws/build/ydlidar
[0.141s] -- Install configuration: ""
[0.141s] -- Up-to-date: /home/gy/ROS2_Coming/02lidar/fishbot_ws/install/ydlidar/lib/ydlidar/ydlidar_node
[0.141s] -- Up-to-date: /home/gy/ROS2_Coming/02lidar/fishbot_ws/install/ydlidar/lib/ydlidar/ydlidar_client
[0.141s] -- Up-to-date: /home/gy/ROS2_Coming/02lidar/fishbot_ws/install/ydlidar/share/ydlidar/launch
[0.141s] -- Up-to-date: /home/gy/ROS2_Coming/02lidar/fishbot_ws/install/ydlidar/share/ydlidar/launch/ydlidar.py
[0.141s] -- Up-to-date: /home/gy/ROS2_Coming/02lidar/fishbot_ws/install/ydlidar/share/ydlidar/launch/ydlidar_launch.py
[0.141s] -- Up-to-date: /home/gy/ROS2_Coming/02lidar/fishbot_ws/install/ydlidar/share/ydlidar/params
[0.141s] -- Installing: /home/gy/ROS2_Coming/02lidar/fishbot_ws/install/ydlidar/share/ydlidar/params/ydlidar.yaml
[0.141s] -- Up-to-date: /home/gy/ROS2_Coming/02lidar/fishbot_ws/install/ydlidar/share/ydlidar/startup
[0.141s] -- Up-to-date: /home/gy/ROS2_Coming/02lidar/fishbot_ws/install/ydlidar/share/ydlidar/startup/initenv.sh
[0.141s] -- Up-to-date: /home/gy/ROS2_Coming/02lidar/fishbot_ws/install/ydlidar/share/ament_index/resource_index/package_run_dependencies/ydlidar
[0.141s] -- Up-to-date: /home/gy/ROS2_Coming/02lidar/fishbot_ws/install/ydlidar/share/ament_index/resource_index/parent_prefix_path/ydlidar
[0.141s] -- Up-to-date: /home/gy/ROS2_Coming/02lidar/fishbot_ws/install/ydlidar/share/ydlidar/environment/ament_prefix_path.sh
[0.141s] -- Up-to-date: /home/gy/ROS2_Coming/02lidar/fishbot_ws/install/ydlidar/share/ydlidar/environment/ament_prefix_path.dsv
[0.141s] -- Up-to-date: /home/gy/ROS2_Coming/02lidar/fishbot_ws/install/ydlidar/share/ydlidar/environment/path.sh
[0.141s] -- Up-to-date: /home/gy/ROS2_Coming/02lidar/fishbot_ws/install/ydlidar/share/ydlidar/environment/path.dsv
[0.141s] -- Up-to-date: /home/gy/ROS2_Coming/02lidar/fishbot_ws/install/ydlidar/share/ydlidar/local_setup.bash
[0.141s] -- Up-to-date: /home/gy/ROS2_Coming/02lidar/fishbot_ws/install/ydlidar/share/ydlidar/local_setup.sh
[0.142s] -- Up-to-date: /home/gy/ROS2_Coming/02lidar/fishbot_ws/install/ydlidar/share/ydlidar/local_setup.zsh
[0.142s] -- Up-to-date: /home/gy/ROS2_Coming/02lidar/fishbot_ws/install/ydlidar/share/ydlidar/local_setup.dsv
[0.142s] -- Installing: /home/gy/ROS2_Coming/02lidar/fishbot_ws/install/ydlidar/share/ydlidar/package.dsv
[0.142s] -- Up-to-date: /home/gy/ROS2_Coming/02lidar/fishbot_ws/install/ydlidar/share/ament_index/resource_index/packages/ydlidar
[0.142s] -- Up-to-date: /home/gy/ROS2_Coming/02lidar/fishbot_ws/install/ydlidar/share/ydlidar/cmake/ydlidarConfig.cmake
[0.142s] -- Up-to-date: /home/gy/ROS2_Coming/02lidar/fishbot_ws/install/ydlidar/share/ydlidar/cmake/ydlidarConfig-version.cmake
[0.142s] -- Up-to-date: /home/gy/ROS2_Coming/02lidar/fishbot_ws/install/ydlidar/share/ydlidar/package.xml
[0.143s] Invoked command in '/home/gy/ROS2_Coming/02lidar/fishbot_ws/build/ydlidar' returned '0': CMAKE_PREFIX_PATH=${CMAKE_PREFIX_PATH}:/opt/ros/humble /usr/bin/cmake --install /home/gy/ROS2_Coming/02lidar/fishbot_ws/build/ydlidar
