[0.006s] Invoking command in '/home/gy/ROS2_Coming-ROS_Carto/02carto/colcon_ws/build/fishbot_cartographer': CMAKE_PREFIX_PATH=/opt/ros/humble /usr/bin/cmake /home/gy/ROS2_Coming-ROS_Carto/02carto/colcon_ws/src/fishbot_cartographer -DCMAKE_INSTALL_PREFIX=/home/gy/ROS2_Coming-ROS_Carto/02carto/colcon_ws/install/fishbot_cartographer
[0.100s] -- The C compiler identification is GNU 11.4.0
[0.179s] -- The CXX compiler identification is GNU 11.4.0
[0.186s] -- Detecting C compiler ABI info
[0.241s] -- Detecting C compiler ABI info - done
[0.247s] -- Check for working C compiler: /usr/bin/cc - skipped
[0.247s] -- Detecting C compile features
[0.248s] -- Detecting C compile features - done
[0.250s] -- Detecting CXX compiler ABI info
[0.312s] -- Detecting CXX compiler ABI info - done
[0.317s] -- Check for working CXX compiler: /usr/bin/c++ - skipped
[0.317s] -- Detecting CXX compile features
[0.318s] -- Detecting CXX compile features - done
[0.322s] -- Found ament_cmake: 1.3.10 (/opt/ros/humble/share/ament_cmake/cmake)
[0.427s] -- Found Python3: /usr/bin/python3 (found version "3.10.12") found components: Interpreter 
[0.491s] -- Found ament_lint_auto: 0.12.11 (/opt/ros/humble/share/ament_lint_auto/cmake)
[0.541s] -- Added test 'flake8' to check Python code syntax and style conventions
[0.541s] -- Added test 'lint_cmake' to check CMake code style
[0.541s] -- Added test 'pep257' to check Python code against some of the docstring style conventions in PEP 257
[0.542s] -- Added test 'xmllint' to check XML markup files
[0.543s] -- Configuring done
[0.544s] -- Generating done
[0.545s] -- Build files have been written to: /home/gy/ROS2_Coming-ROS_Carto/02carto/colcon_ws/build/fishbot_cartographer
[0.549s] Invoked command in '/home/gy/ROS2_Coming-ROS_Carto/02carto/colcon_ws/build/fishbot_cartographer' returned '0': CMAKE_PREFIX_PATH=/opt/ros/humble /usr/bin/cmake /home/gy/ROS2_Coming-ROS_Carto/02carto/colcon_ws/src/fishbot_cartographer -DCMAKE_INSTALL_PREFIX=/home/gy/ROS2_Coming-ROS_Carto/02carto/colcon_ws/install/fishbot_cartographer
[0.549s] Invoking command in '/home/gy/ROS2_Coming-ROS_Carto/02carto/colcon_ws/build/fishbot_cartographer': CMAKE_PREFIX_PATH=/opt/ros/humble /usr/bin/cmake --build /home/gy/ROS2_Coming-ROS_Carto/02carto/colcon_ws/build/fishbot_cartographer -- -j20 -l20
[0.574s] Invoked command in '/home/gy/ROS2_Coming-ROS_Carto/02carto/colcon_ws/build/fishbot_cartographer' returned '0': CMAKE_PREFIX_PATH=/opt/ros/humble /usr/bin/cmake --build /home/gy/ROS2_Coming-ROS_Carto/02carto/colcon_ws/build/fishbot_cartographer -- -j20 -l20
[0.596s] Invoking command in '/home/gy/ROS2_Coming-ROS_Carto/02carto/colcon_ws/build/fishbot_cartographer': CMAKE_PREFIX_PATH=/opt/ros/humble /usr/bin/cmake --install /home/gy/ROS2_Coming-ROS_Carto/02carto/colcon_ws/build/fishbot_cartographer
[0.602s] -- Install configuration: ""
[0.602s] -- Installing: /home/gy/ROS2_Coming-ROS_Carto/02carto/colcon_ws/install/fishbot_cartographer/share/fishbot_cartographer/config
[0.602s] -- Installing: /home/gy/ROS2_Coming-ROS_Carto/02carto/colcon_ws/install/fishbot_cartographer/share/fishbot_cartographer/config/fishbot_2d.lua
[0.602s] -- Installing: /home/gy/ROS2_Coming-ROS_Carto/02carto/colcon_ws/install/fishbot_cartographer/share/fishbot_cartographer/launch
[0.602s] -- Installing: /home/gy/ROS2_Coming-ROS_Carto/02carto/colcon_ws/install/fishbot_cartographer/share/fishbot_cartographer/launch/cartographer.launch.py
[0.602s] -- Installing: /home/gy/ROS2_Coming-ROS_Carto/02carto/colcon_ws/install/fishbot_cartographer/share/fishbot_cartographer/rviz
[0.602s] -- Installing: /home/gy/ROS2_Coming-ROS_Carto/02carto/colcon_ws/install/fishbot_cartographer/share/ament_index/resource_index/package_run_dependencies/fishbot_cartographer
[0.602s] -- Installing: /home/gy/ROS2_Coming-ROS_Carto/02carto/colcon_ws/install/fishbot_cartographer/share/ament_index/resource_index/parent_prefix_path/fishbot_cartographer
[0.602s] -- Installing: /home/gy/ROS2_Coming-ROS_Carto/02carto/colcon_ws/install/fishbot_cartographer/share/fishbot_cartographer/environment/ament_prefix_path.sh
[0.602s] -- Installing: /home/gy/ROS2_Coming-ROS_Carto/02carto/colcon_ws/install/fishbot_cartographer/share/fishbot_cartographer/environment/ament_prefix_path.dsv
[0.602s] -- Installing: /home/gy/ROS2_Coming-ROS_Carto/02carto/colcon_ws/install/fishbot_cartographer/share/fishbot_cartographer/environment/path.sh
[0.602s] -- Installing: /home/gy/ROS2_Coming-ROS_Carto/02carto/colcon_ws/install/fishbot_cartographer/share/fishbot_cartographer/environment/path.dsv
[0.602s] -- Installing: /home/gy/ROS2_Coming-ROS_Carto/02carto/colcon_ws/install/fishbot_cartographer/share/fishbot_cartographer/local_setup.bash
[0.602s] -- Installing: /home/gy/ROS2_Coming-ROS_Carto/02carto/colcon_ws/install/fishbot_cartographer/share/fishbot_cartographer/local_setup.sh
[0.602s] -- Installing: /home/gy/ROS2_Coming-ROS_Carto/02carto/colcon_ws/install/fishbot_cartographer/share/fishbot_cartographer/local_setup.zsh
[0.602s] -- Installing: /home/gy/ROS2_Coming-ROS_Carto/02carto/colcon_ws/install/fishbot_cartographer/share/fishbot_cartographer/local_setup.dsv
[0.602s] -- Installing: /home/gy/ROS2_Coming-ROS_Carto/02carto/colcon_ws/install/fishbot_cartographer/share/fishbot_cartographer/package.dsv
[0.602s] -- Installing: /home/gy/ROS2_Coming-ROS_Carto/02carto/colcon_ws/install/fishbot_cartographer/share/ament_index/resource_index/packages/fishbot_cartographer
[0.602s] -- Installing: /home/gy/ROS2_Coming-ROS_Carto/02carto/colcon_ws/install/fishbot_cartographer/share/fishbot_cartographer/cmake/fishbot_cartographerConfig.cmake
[0.602s] -- Installing: /home/gy/ROS2_Coming-ROS_Carto/02carto/colcon_ws/install/fishbot_cartographer/share/fishbot_cartographer/cmake/fishbot_cartographerConfig-version.cmake
[0.603s] -- Installing: /home/gy/ROS2_Coming-ROS_Carto/02carto/colcon_ws/install/fishbot_cartographer/share/fishbot_cartographer/package.xml
[0.604s] Invoked command in '/home/gy/ROS2_Coming-ROS_Carto/02carto/colcon_ws/build/fishbot_cartographer' returned '0': CMAKE_PREFIX_PATH=/opt/ros/humble /usr/bin/cmake --install /home/gy/ROS2_Coming-ROS_Carto/02carto/colcon_ws/build/fishbot_cartographer
