[0.055s] DEBUG:colcon:Command line arguments: ['/usr/bin/colcon', 'build']
[0.056s] DEBUG:colcon:Parsed command line arguments: Namespace(log_base=None, log_level=None, verb_name='build', build_base='build', install_base='install', merge_install=False, symlink_install=False, test_result_base=None, continue_on_error=False, executor='parallel', parallel_workers=20, event_handlers=None, ignore_user_meta=False, metas=['./colcon.meta'], base_paths=['.'], packages_ignore=None, packages_ignore_regex=None, paths=None, packages_up_to=None, packages_up_to_regex=None, packages_above=None, packages_above_and_dependencies=None, packages_above_depth=None, packages_select_by_dep=None, packages_skip_by_dep=None, packages_skip_up_to=None, packages_select_build_failed=False, packages_skip_build_finished=False, packages_select_test_failures=False, packages_skip_test_passed=False, packages_select=None, packages_skip=None, packages_select_regex=None, packages_skip_regex=None, packages_start=None, packages_end=None, allow_overriding=[], cmake_args=None, cmake_target=None, cmake_target_skip_unavailable=False, cmake_clean_cache=False, cmake_clean_first=False, cmake_force_configure=False, ament_cmake_args=None, catkin_cmake_args=None, catkin_skip_building_tests=False, verb_parser=<colcon_defaults.argument_parser.defaults.DefaultArgumentsDecorator object at 0x77e5b3a326b0>, verb_extension=<colcon_core.verb.build.BuildVerb object at 0x77e5b3b271f0>, main=<bound method BuildVerb.main of <colcon_core.verb.build.BuildVerb object at 0x77e5b3b271f0>>)
[0.143s] Level 1:colcon.colcon_core.package_discovery:discover_packages(colcon_meta) check parameters
[0.143s] Level 1:colcon.colcon_core.package_discovery:discover_packages(recursive) check parameters
[0.143s] Level 1:colcon.colcon_core.package_discovery:discover_packages(ignore) check parameters
[0.143s] Level 1:colcon.colcon_core.package_discovery:discover_packages(path) check parameters
[0.143s] Level 1:colcon.colcon_core.package_discovery:discover_packages(colcon_meta) discover
[0.143s] Level 1:colcon.colcon_core.package_discovery:discover_packages(recursive) discover
[0.143s] INFO:colcon.colcon_core.package_discovery:Crawling recursively for packages in '/home/gy/ROS2_Coming/02lidar/fishbot_ws'
[0.143s] Level 1:colcon.colcon_core.package_identification:_identify(.) by extensions ['ignore', 'ignore_ament_install']
[0.143s] Level 1:colcon.colcon_core.package_identification:_identify(.) by extension 'ignore'
[0.143s] Level 1:colcon.colcon_core.package_identification:_identify(.) by extension 'ignore_ament_install'
[0.143s] Level 1:colcon.colcon_core.package_identification:_identify(.) by extensions ['colcon_pkg']
[0.143s] Level 1:colcon.colcon_core.package_identification:_identify(.) by extension 'colcon_pkg'
[0.143s] Level 1:colcon.colcon_core.package_identification:_identify(.) by extensions ['colcon_meta']
[0.143s] Level 1:colcon.colcon_core.package_identification:_identify(.) by extension 'colcon_meta'
[0.143s] Level 1:colcon.colcon_core.package_identification:_identify(.) by extensions ['ros']
[0.143s] Level 1:colcon.colcon_core.package_identification:_identify(.) by extension 'ros'
[0.150s] Level 1:colcon.colcon_core.package_identification:_identify(.) by extensions ['cmake', 'python']
[0.150s] Level 1:colcon.colcon_core.package_identification:_identify(.) by extension 'cmake'
[0.150s] Level 1:colcon.colcon_core.package_identification:_identify(.) by extension 'python'
[0.150s] Level 1:colcon.colcon_core.package_identification:_identify(.) by extensions ['python_setup_py']
[0.150s] Level 1:colcon.colcon_core.package_identification:_identify(.) by extension 'python_setup_py'
[0.150s] Level 1:colcon.colcon_core.package_identification:_identify(build) by extensions ['ignore', 'ignore_ament_install']
[0.150s] Level 1:colcon.colcon_core.package_identification:_identify(build) by extension 'ignore'
[0.150s] Level 1:colcon.colcon_core.package_identification:_identify(build) ignored
[0.150s] Level 1:colcon.colcon_core.package_identification:_identify(install) by extensions ['ignore', 'ignore_ament_install']
[0.150s] Level 1:colcon.colcon_core.package_identification:_identify(install) by extension 'ignore'
[0.150s] Level 1:colcon.colcon_core.package_identification:_identify(install) ignored
[0.150s] Level 1:colcon.colcon_core.package_identification:_identify(log) by extensions ['ignore', 'ignore_ament_install']
[0.150s] Level 1:colcon.colcon_core.package_identification:_identify(log) by extension 'ignore'
[0.150s] Level 1:colcon.colcon_core.package_identification:_identify(log) ignored
[0.150s] Level 1:colcon.colcon_core.package_identification:_identify(src) by extensions ['ignore', 'ignore_ament_install']
[0.150s] Level 1:colcon.colcon_core.package_identification:_identify(src) by extension 'ignore'
[0.150s] Level 1:colcon.colcon_core.package_identification:_identify(src) by extension 'ignore_ament_install'
[0.151s] Level 1:colcon.colcon_core.package_identification:_identify(src) by extensions ['colcon_pkg']
[0.151s] Level 1:colcon.colcon_core.package_identification:_identify(src) by extension 'colcon_pkg'
[0.151s] Level 1:colcon.colcon_core.package_identification:_identify(src) by extensions ['colcon_meta']
[0.151s] Level 1:colcon.colcon_core.package_identification:_identify(src) by extension 'colcon_meta'
[0.151s] Level 1:colcon.colcon_core.package_identification:_identify(src) by extensions ['ros']
[0.151s] Level 1:colcon.colcon_core.package_identification:_identify(src) by extension 'ros'
[0.151s] Level 1:colcon.colcon_core.package_identification:_identify(src) by extensions ['cmake', 'python']
[0.151s] Level 1:colcon.colcon_core.package_identification:_identify(src) by extension 'cmake'
[0.151s] Level 1:colcon.colcon_core.package_identification:_identify(src) by extension 'python'
[0.151s] Level 1:colcon.colcon_core.package_identification:_identify(src) by extensions ['python_setup_py']
[0.151s] Level 1:colcon.colcon_core.package_identification:_identify(src) by extension 'python_setup_py'
[0.151s] Level 1:colcon.colcon_core.package_identification:_identify(src/wifilidar_ros2) by extensions ['ignore', 'ignore_ament_install']
[0.151s] Level 1:colcon.colcon_core.package_identification:_identify(src/wifilidar_ros2) by extension 'ignore'
[0.151s] Level 1:colcon.colcon_core.package_identification:_identify(src/wifilidar_ros2) by extension 'ignore_ament_install'
[0.151s] Level 1:colcon.colcon_core.package_identification:_identify(src/wifilidar_ros2) by extensions ['colcon_pkg']
[0.151s] Level 1:colcon.colcon_core.package_identification:_identify(src/wifilidar_ros2) by extension 'colcon_pkg'
[0.151s] Level 1:colcon.colcon_core.package_identification:_identify(src/wifilidar_ros2) by extensions ['colcon_meta']
[0.151s] Level 1:colcon.colcon_core.package_identification:_identify(src/wifilidar_ros2) by extension 'colcon_meta'
[0.151s] Level 1:colcon.colcon_core.package_identification:_identify(src/wifilidar_ros2) by extensions ['ros']
[0.151s] Level 1:colcon.colcon_core.package_identification:_identify(src/wifilidar_ros2) by extension 'ros'
[0.151s] Level 1:colcon.colcon_core.package_identification:_identify(src/wifilidar_ros2) by extensions ['cmake', 'python']
[0.151s] Level 1:colcon.colcon_core.package_identification:_identify(src/wifilidar_ros2) by extension 'cmake'
[0.151s] Level 1:colcon.colcon_core.package_identification:_identify(src/wifilidar_ros2) by extension 'python'
[0.151s] Level 1:colcon.colcon_core.package_identification:_identify(src/wifilidar_ros2) by extensions ['python_setup_py']
[0.151s] Level 1:colcon.colcon_core.package_identification:_identify(src/wifilidar_ros2) by extension 'python_setup_py'
[0.151s] Level 1:colcon.colcon_core.package_identification:_identify(src/ydlidar_ros2) by extensions ['ignore', 'ignore_ament_install']
[0.151s] Level 1:colcon.colcon_core.package_identification:_identify(src/ydlidar_ros2) by extension 'ignore'
[0.151s] Level 1:colcon.colcon_core.package_identification:_identify(src/ydlidar_ros2) by extension 'ignore_ament_install'
[0.151s] Level 1:colcon.colcon_core.package_identification:_identify(src/ydlidar_ros2) by extensions ['colcon_pkg']
[0.151s] Level 1:colcon.colcon_core.package_identification:_identify(src/ydlidar_ros2) by extension 'colcon_pkg'
[0.151s] Level 1:colcon.colcon_core.package_identification:_identify(src/ydlidar_ros2) by extensions ['colcon_meta']
[0.151s] Level 1:colcon.colcon_core.package_identification:_identify(src/ydlidar_ros2) by extension 'colcon_meta'
[0.151s] Level 1:colcon.colcon_core.package_identification:_identify(src/ydlidar_ros2) by extensions ['ros']
[0.151s] Level 1:colcon.colcon_core.package_identification:_identify(src/ydlidar_ros2) by extension 'ros'
[0.153s] DEBUG:colcon.colcon_core.package_identification:Package 'src/ydlidar_ros2' with type 'ros.ament_cmake' and name 'ydlidar'
[0.153s] Level 1:colcon.colcon_core.package_discovery:discover_packages(recursive) using defaults
[0.153s] Level 1:colcon.colcon_core.package_discovery:discover_packages(ignore) discover
[0.153s] Level 1:colcon.colcon_core.package_discovery:discover_packages(ignore) using defaults
[0.153s] Level 1:colcon.colcon_core.package_discovery:discover_packages(path) discover
[0.153s] Level 1:colcon.colcon_core.package_discovery:discover_packages(path) using defaults
[0.165s] Level 1:colcon.colcon_core.package_discovery:discover_packages(prefix_path) check parameters
[0.165s] Level 1:colcon.colcon_core.package_discovery:discover_packages(prefix_path) discover
[0.166s] DEBUG:colcon.colcon_installed_package_information.package_discovery:Found 1 installed packages in /home/gy/ROS2_Coming/02lidar/fishbot_ws/install
[0.167s] DEBUG:colcon.colcon_installed_package_information.package_discovery:Found 329 installed packages in /opt/ros/humble
[0.174s] Level 1:colcon.colcon_core.package_discovery:discover_packages(prefix_path) using defaults
[0.196s] Level 5:colcon.colcon_core.verb:set package 'ydlidar' build argument 'cmake_args' from command line to 'None'
[0.196s] Level 5:colcon.colcon_core.verb:set package 'ydlidar' build argument 'cmake_target' from command line to 'None'
[0.196s] Level 5:colcon.colcon_core.verb:set package 'ydlidar' build argument 'cmake_target_skip_unavailable' from command line to 'False'
[0.196s] Level 5:colcon.colcon_core.verb:set package 'ydlidar' build argument 'cmake_clean_cache' from command line to 'False'
[0.196s] Level 5:colcon.colcon_core.verb:set package 'ydlidar' build argument 'cmake_clean_first' from command line to 'False'
[0.196s] Level 5:colcon.colcon_core.verb:set package 'ydlidar' build argument 'cmake_force_configure' from command line to 'False'
[0.196s] Level 5:colcon.colcon_core.verb:set package 'ydlidar' build argument 'ament_cmake_args' from command line to 'None'
[0.196s] Level 5:colcon.colcon_core.verb:set package 'ydlidar' build argument 'catkin_cmake_args' from command line to 'None'
[0.196s] Level 5:colcon.colcon_core.verb:set package 'ydlidar' build argument 'catkin_skip_building_tests' from command line to 'False'
[0.196s] DEBUG:colcon.colcon_core.verb:Building package 'ydlidar' with the following arguments: {'ament_cmake_args': None, 'build_base': '/home/gy/ROS2_Coming/02lidar/fishbot_ws/build/ydlidar', 'catkin_cmake_args': None, 'catkin_skip_building_tests': False, 'cmake_args': None, 'cmake_clean_cache': False, 'cmake_clean_first': False, 'cmake_force_configure': False, 'cmake_target': None, 'cmake_target_skip_unavailable': False, 'install_base': '/home/gy/ROS2_Coming/02lidar/fishbot_ws/install/ydlidar', 'merge_install': False, 'path': '/home/gy/ROS2_Coming/02lidar/fishbot_ws/src/ydlidar_ros2', 'symlink_install': False, 'test_result_base': None}
[0.196s] INFO:colcon.colcon_core.executor:Executing jobs using 'parallel' executor
[0.197s] DEBUG:colcon.colcon_parallel_executor.executor.parallel:run_until_complete
[0.197s] INFO:colcon.colcon_ros.task.ament_cmake.build:Building ROS package in '/home/gy/ROS2_Coming/02lidar/fishbot_ws/src/ydlidar_ros2' with build type 'ament_cmake'
[0.197s] INFO:colcon.colcon_cmake.task.cmake.build:Building CMake package in '/home/gy/ROS2_Coming/02lidar/fishbot_ws/src/ydlidar_ros2'
[0.198s] INFO:colcon.colcon_core.plugin_system:Skipping extension 'colcon_core.shell.bat': Not used on non-Windows systems
[0.198s] INFO:colcon.colcon_core.shell:Skip shell extension 'powershell' for command environment: Not usable outside of PowerShell
[0.198s] DEBUG:colcon.colcon_core.shell:Skip shell extension 'dsv' for command environment
[0.205s] DEBUG:colcon.colcon_core.event_handler.log_command:Invoking command in '/home/gy/ROS2_Coming/02lidar/fishbot_ws/build/ydlidar': CMAKE_PREFIX_PATH=${CMAKE_PREFIX_PATH}:/opt/ros/humble /usr/bin/cmake --build /home/gy/ROS2_Coming/02lidar/fishbot_ws/build/ydlidar -- -j20 -l20
[0.495s] DEBUG:colcon.colcon_core.event_handler.log_command:Invoked command in '/home/gy/ROS2_Coming/02lidar/fishbot_ws/build/ydlidar' returned '0': CMAKE_PREFIX_PATH=${CMAKE_PREFIX_PATH}:/opt/ros/humble /usr/bin/cmake --build /home/gy/ROS2_Coming/02lidar/fishbot_ws/build/ydlidar -- -j20 -l20
[0.535s] DEBUG:colcon.colcon_core.event_handler.log_command:Invoking command in '/home/gy/ROS2_Coming/02lidar/fishbot_ws/build/ydlidar': CMAKE_PREFIX_PATH=${CMAKE_PREFIX_PATH}:/opt/ros/humble /usr/bin/cmake --install /home/gy/ROS2_Coming/02lidar/fishbot_ws/build/ydlidar
[0.548s] Level 1:colcon.colcon_core.environment:create_environment_scripts_only(ydlidar)
[0.549s] DEBUG:colcon.colcon_core.event_handler.log_command:Invoked command in '/home/gy/ROS2_Coming/02lidar/fishbot_ws/build/ydlidar' returned '0': CMAKE_PREFIX_PATH=${CMAKE_PREFIX_PATH}:/opt/ros/humble /usr/bin/cmake --install /home/gy/ROS2_Coming/02lidar/fishbot_ws/build/ydlidar
[0.550s] Level 1:colcon.colcon_core.environment:checking '/home/gy/ROS2_Coming/02lidar/fishbot_ws/install/ydlidar' for CMake module files
[0.550s] Level 1:colcon.colcon_core.environment:checking '/home/gy/ROS2_Coming/02lidar/fishbot_ws/install/ydlidar' for CMake config files
[0.551s] Level 1:colcon.colcon_core.shell:create_environment_hook('ydlidar', 'cmake_prefix_path')
[0.551s] INFO:colcon.colcon_core.shell:Creating environment hook '/home/gy/ROS2_Coming/02lidar/fishbot_ws/install/ydlidar/share/ydlidar/hook/cmake_prefix_path.ps1'
[0.551s] INFO:colcon.colcon_core.shell:Creating environment descriptor '/home/gy/ROS2_Coming/02lidar/fishbot_ws/install/ydlidar/share/ydlidar/hook/cmake_prefix_path.dsv'
[0.552s] INFO:colcon.colcon_core.shell:Creating environment hook '/home/gy/ROS2_Coming/02lidar/fishbot_ws/install/ydlidar/share/ydlidar/hook/cmake_prefix_path.sh'
[0.552s] Level 1:colcon.colcon_core.environment:checking '/home/gy/ROS2_Coming/02lidar/fishbot_ws/install/ydlidar/lib'
[0.552s] Level 1:colcon.colcon_core.environment:checking '/home/gy/ROS2_Coming/02lidar/fishbot_ws/install/ydlidar/bin'
[0.552s] Level 1:colcon.colcon_core.environment:checking '/home/gy/ROS2_Coming/02lidar/fishbot_ws/install/ydlidar/lib/pkgconfig/ydlidar.pc'
[0.552s] Level 1:colcon.colcon_core.environment:checking '/home/gy/ROS2_Coming/02lidar/fishbot_ws/install/ydlidar/lib/python3.10/site-packages'
[0.552s] Level 1:colcon.colcon_core.environment:checking '/home/gy/ROS2_Coming/02lidar/fishbot_ws/install/ydlidar/bin'
[0.553s] INFO:colcon.colcon_core.shell:Creating package script '/home/gy/ROS2_Coming/02lidar/fishbot_ws/install/ydlidar/share/ydlidar/package.ps1'
[0.553s] INFO:colcon.colcon_core.shell:Creating package descriptor '/home/gy/ROS2_Coming/02lidar/fishbot_ws/install/ydlidar/share/ydlidar/package.dsv'
[0.553s] INFO:colcon.colcon_core.shell:Creating package script '/home/gy/ROS2_Coming/02lidar/fishbot_ws/install/ydlidar/share/ydlidar/package.sh'
[0.554s] INFO:colcon.colcon_core.shell:Creating package script '/home/gy/ROS2_Coming/02lidar/fishbot_ws/install/ydlidar/share/ydlidar/package.bash'
[0.554s] INFO:colcon.colcon_core.shell:Creating package script '/home/gy/ROS2_Coming/02lidar/fishbot_ws/install/ydlidar/share/ydlidar/package.zsh'
[0.554s] Level 1:colcon.colcon_core.environment:create_file_with_runtime_dependencies(/home/gy/ROS2_Coming/02lidar/fishbot_ws/install/ydlidar/share/colcon-core/packages/ydlidar)
[0.592s] Level 1:colcon.colcon_core.environment:create_environment_scripts_only(ydlidar)
[0.592s] Level 1:colcon.colcon_core.environment:checking '/home/gy/ROS2_Coming/02lidar/fishbot_ws/install/ydlidar' for CMake module files
[0.592s] Level 1:colcon.colcon_core.environment:checking '/home/gy/ROS2_Coming/02lidar/fishbot_ws/install/ydlidar' for CMake config files
[0.592s] Level 1:colcon.colcon_core.shell:create_environment_hook('ydlidar', 'cmake_prefix_path')
[0.592s] INFO:colcon.colcon_core.shell:Creating environment hook '/home/gy/ROS2_Coming/02lidar/fishbot_ws/install/ydlidar/share/ydlidar/hook/cmake_prefix_path.ps1'
[0.593s] INFO:colcon.colcon_core.shell:Creating environment descriptor '/home/gy/ROS2_Coming/02lidar/fishbot_ws/install/ydlidar/share/ydlidar/hook/cmake_prefix_path.dsv'
[0.593s] INFO:colcon.colcon_core.shell:Creating environment hook '/home/gy/ROS2_Coming/02lidar/fishbot_ws/install/ydlidar/share/ydlidar/hook/cmake_prefix_path.sh'
[0.593s] Level 1:colcon.colcon_core.environment:checking '/home/gy/ROS2_Coming/02lidar/fishbot_ws/install/ydlidar/lib'
[0.593s] Level 1:colcon.colcon_core.environment:checking '/home/gy/ROS2_Coming/02lidar/fishbot_ws/install/ydlidar/bin'
[0.593s] Level 1:colcon.colcon_core.environment:checking '/home/gy/ROS2_Coming/02lidar/fishbot_ws/install/ydlidar/lib/pkgconfig/ydlidar.pc'
[0.593s] Level 1:colcon.colcon_core.environment:checking '/home/gy/ROS2_Coming/02lidar/fishbot_ws/install/ydlidar/lib/python3.10/site-packages'
[0.594s] Level 1:colcon.colcon_core.environment:checking '/home/gy/ROS2_Coming/02lidar/fishbot_ws/install/ydlidar/bin'
[0.594s] INFO:colcon.colcon_core.shell:Creating package script '/home/gy/ROS2_Coming/02lidar/fishbot_ws/install/ydlidar/share/ydlidar/package.ps1'
[0.594s] INFO:colcon.colcon_core.shell:Creating package descriptor '/home/gy/ROS2_Coming/02lidar/fishbot_ws/install/ydlidar/share/ydlidar/package.dsv'
[0.594s] INFO:colcon.colcon_core.shell:Creating package script '/home/gy/ROS2_Coming/02lidar/fishbot_ws/install/ydlidar/share/ydlidar/package.sh'
[0.594s] INFO:colcon.colcon_core.shell:Creating package script '/home/gy/ROS2_Coming/02lidar/fishbot_ws/install/ydlidar/share/ydlidar/package.bash'
[0.595s] INFO:colcon.colcon_core.shell:Creating package script '/home/gy/ROS2_Coming/02lidar/fishbot_ws/install/ydlidar/share/ydlidar/package.zsh'
[0.595s] Level 1:colcon.colcon_core.environment:create_file_with_runtime_dependencies(/home/gy/ROS2_Coming/02lidar/fishbot_ws/install/ydlidar/share/colcon-core/packages/ydlidar)
[0.595s] DEBUG:colcon.colcon_parallel_executor.executor.parallel:closing loop
[0.595s] DEBUG:colcon.colcon_parallel_executor.executor.parallel:loop closed
[0.595s] DEBUG:colcon.colcon_parallel_executor.executor.parallel:run_until_complete finished with '0'
[0.595s] DEBUG:colcon.colcon_core.event_reactor:joining thread
[0.598s] INFO:colcon.colcon_core.plugin_system:Skipping extension 'colcon_notification.desktop_notification.terminal_notifier': Not used on non-Darwin systems
[0.598s] INFO:colcon.colcon_core.plugin_system:Skipping extension 'colcon_notification.desktop_notification.win32': Not used on non-Windows systems
[0.598s] INFO:colcon.colcon_notification.desktop_notification:Sending desktop notification using 'notify2'
[0.608s] DEBUG:colcon.colcon_core.event_reactor:joined thread
[0.609s] INFO:colcon.colcon_core.shell:Creating prefix script '/home/gy/ROS2_Coming/02lidar/fishbot_ws/install/local_setup.ps1'
[0.609s] INFO:colcon.colcon_core.shell:Creating prefix util module '/home/gy/ROS2_Coming/02lidar/fishbot_ws/install/_local_setup_util_ps1.py'
[0.610s] INFO:colcon.colcon_core.shell:Creating prefix chain script '/home/gy/ROS2_Coming/02lidar/fishbot_ws/install/setup.ps1'
[0.610s] INFO:colcon.colcon_core.shell:Creating prefix script '/home/gy/ROS2_Coming/02lidar/fishbot_ws/install/local_setup.sh'
[0.611s] INFO:colcon.colcon_core.shell:Creating prefix util module '/home/gy/ROS2_Coming/02lidar/fishbot_ws/install/_local_setup_util_sh.py'
[0.611s] INFO:colcon.colcon_core.shell:Creating prefix chain script '/home/gy/ROS2_Coming/02lidar/fishbot_ws/install/setup.sh'
[0.612s] INFO:colcon.colcon_core.shell:Creating prefix script '/home/gy/ROS2_Coming/02lidar/fishbot_ws/install/local_setup.bash'
[0.612s] INFO:colcon.colcon_core.shell:Creating prefix chain script '/home/gy/ROS2_Coming/02lidar/fishbot_ws/install/setup.bash'
[0.612s] INFO:colcon.colcon_core.shell:Creating prefix script '/home/gy/ROS2_Coming/02lidar/fishbot_ws/install/local_setup.zsh'
[0.612s] INFO:colcon.colcon_core.shell:Creating prefix chain script '/home/gy/ROS2_Coming/02lidar/fishbot_ws/install/setup.zsh'
