[0.008s] Invoking command in '/home/gy/ROS2_Coming-ROS_Carto/02carto/colcon_ws/build/fishbot_navigation2': CMAKE_PREFIX_PATH=${CMAKE_PREFIX_PATH}:/opt/ros/humble /usr/bin/cmake /home/gy/ROS2_Coming-ROS_Carto/02carto/colcon_ws/src/fishbot_navigation2 -DCMAKE_INSTALL_PREFIX=/home/gy/ROS2_Coming-ROS_Carto/02carto/colcon_ws/install/fishbot_navigation2
[0.085s] -- The C compiler identification is GNU 11.4.0
[0.140s] -- The CXX compiler identification is GNU 11.4.0
[0.146s] -- Detecting C compiler ABI info
[0.199s] -- Detecting C compiler ABI info - done
[0.204s] -- Check for working C compiler: /usr/bin/cc - skipped
[0.204s] -- Detecting C compile features
[0.205s] -- Detecting C compile features - done
[0.207s] -- Detecting CXX compiler ABI info
[0.262s] -- Detecting CXX compiler ABI info - done
[0.267s] -- Check for working CXX compiler: /usr/bin/c++ - skipped
[0.267s] -- Detecting CXX compile features
[0.267s] -- Detecting CXX compile features - done
[0.270s] -- Found ament_cmake: 1.3.10 (/opt/ros/humble/share/ament_cmake/cmake)
[0.370s] -- Found Python3: /usr/bin/python3 (found version "3.10.12") found components: Interpreter 
[0.431s] -- Found nav2_bringup: 1.1.17 (/opt/ros/humble/share/nav2_bringup/cmake)
[0.432s] -- Found ament_lint_auto: 0.12.11 (/opt/ros/humble/share/ament_lint_auto/cmake)
[0.482s] -- Added test 'flake8' to check Python code syntax and style conventions
[0.482s] -- Added test 'lint_cmake' to check CMake code style
[0.482s] -- Added test 'pep257' to check Python code against some of the docstring style conventions in PEP 257
[0.483s] -- Added test 'xmllint' to check XML markup files
[0.484s] -- Configuring done
[0.485s] -- Generating done
[0.485s] -- Build files have been written to: /home/gy/ROS2_Coming-ROS_Carto/02carto/colcon_ws/build/fishbot_navigation2
[0.488s] Invoked command in '/home/gy/ROS2_Coming-ROS_Carto/02carto/colcon_ws/build/fishbot_navigation2' returned '0': CMAKE_PREFIX_PATH=${CMAKE_PREFIX_PATH}:/opt/ros/humble /usr/bin/cmake /home/gy/ROS2_Coming-ROS_Carto/02carto/colcon_ws/src/fishbot_navigation2 -DCMAKE_INSTALL_PREFIX=/home/gy/ROS2_Coming-ROS_Carto/02carto/colcon_ws/install/fishbot_navigation2
[0.489s] Invoking command in '/home/gy/ROS2_Coming-ROS_Carto/02carto/colcon_ws/build/fishbot_navigation2': CMAKE_PREFIX_PATH=${CMAKE_PREFIX_PATH}:/opt/ros/humble /usr/bin/cmake --build /home/gy/ROS2_Coming-ROS_Carto/02carto/colcon_ws/build/fishbot_navigation2 -- -j20 -l20
[0.517s] Invoked command in '/home/gy/ROS2_Coming-ROS_Carto/02carto/colcon_ws/build/fishbot_navigation2' returned '0': CMAKE_PREFIX_PATH=${CMAKE_PREFIX_PATH}:/opt/ros/humble /usr/bin/cmake --build /home/gy/ROS2_Coming-ROS_Carto/02carto/colcon_ws/build/fishbot_navigation2 -- -j20 -l20
[0.535s] Invoking command in '/home/gy/ROS2_Coming-ROS_Carto/02carto/colcon_ws/build/fishbot_navigation2': CMAKE_PREFIX_PATH=${CMAKE_PREFIX_PATH}:/opt/ros/humble /usr/bin/cmake --install /home/gy/ROS2_Coming-ROS_Carto/02carto/colcon_ws/build/fishbot_navigation2
[0.547s] -- Install configuration: ""
[0.547s] -- Installing: /home/gy/ROS2_Coming-ROS_Carto/02carto/colcon_ws/install/fishbot_navigation2/share/fishbot_navigation2/launch
[0.547s] -- Installing: /home/gy/ROS2_Coming-ROS_Carto/02carto/colcon_ws/install/fishbot_navigation2/share/fishbot_navigation2/launch/navigation2.launch.py
[0.547s] -- Installing: /home/gy/ROS2_Coming-ROS_Carto/02carto/colcon_ws/install/fishbot_navigation2/share/fishbot_navigation2/param
[0.547s] -- Installing: /home/gy/ROS2_Coming-ROS_Carto/02carto/colcon_ws/install/fishbot_navigation2/share/fishbot_navigation2/param/fishbot_nav2.yaml
[0.547s] -- Installing: /home/gy/ROS2_Coming-ROS_Carto/02carto/colcon_ws/install/fishbot_navigation2/share/fishbot_navigation2/maps
[0.547s] -- Installing: /home/gy/ROS2_Coming-ROS_Carto/02carto/colcon_ws/install/fishbot_navigation2/share/fishbot_navigation2/maps/fishbot_map.pgm
[0.547s] -- Installing: /home/gy/ROS2_Coming-ROS_Carto/02carto/colcon_ws/install/fishbot_navigation2/share/fishbot_navigation2/maps/fishbot_map.yaml
[0.548s] -- Installing: /home/gy/ROS2_Coming-ROS_Carto/02carto/colcon_ws/install/fishbot_navigation2/share/ament_index/resource_index/package_run_dependencies/fishbot_navigation2
[0.548s] -- Installing: /home/gy/ROS2_Coming-ROS_Carto/02carto/colcon_ws/install/fishbot_navigation2/share/ament_index/resource_index/parent_prefix_path/fishbot_navigation2
[0.548s] -- Installing: /home/gy/ROS2_Coming-ROS_Carto/02carto/colcon_ws/install/fishbot_navigation2/share/fishbot_navigation2/environment/ament_prefix_path.sh
[0.548s] -- Installing: /home/gy/ROS2_Coming-ROS_Carto/02carto/colcon_ws/install/fishbot_navigation2/share/fishbot_navigation2/environment/ament_prefix_path.dsv
[0.548s] -- Installing: /home/gy/ROS2_Coming-ROS_Carto/02carto/colcon_ws/install/fishbot_navigation2/share/fishbot_navigation2/environment/path.sh
[0.548s] -- Installing: /home/gy/ROS2_Coming-ROS_Carto/02carto/colcon_ws/install/fishbot_navigation2/share/fishbot_navigation2/environment/path.dsv
[0.548s] -- Installing: /home/gy/ROS2_Coming-ROS_Carto/02carto/colcon_ws/install/fishbot_navigation2/share/fishbot_navigation2/local_setup.bash
[0.548s] -- Installing: /home/gy/ROS2_Coming-ROS_Carto/02carto/colcon_ws/install/fishbot_navigation2/share/fishbot_navigation2/local_setup.sh
[0.548s] -- Installing: /home/gy/ROS2_Coming-ROS_Carto/02carto/colcon_ws/install/fishbot_navigation2/share/fishbot_navigation2/local_setup.zsh
[0.549s] -- Installing: /home/gy/ROS2_Coming-ROS_Carto/02carto/colcon_ws/install/fishbot_navigation2/share/fishbot_navigation2/local_setup.dsv
[0.549s] -- Installing: /home/gy/ROS2_Coming-ROS_Carto/02carto/colcon_ws/install/fishbot_navigation2/share/fishbot_navigation2/package.dsv
[0.549s] -- Installing: /home/gy/ROS2_Coming-ROS_Carto/02carto/colcon_ws/install/fishbot_navigation2/share/ament_index/resource_index/packages/fishbot_navigation2
[0.549s] -- Installing: /home/gy/ROS2_Coming-ROS_Carto/02carto/colcon_ws/install/fishbot_navigation2/share/fishbot_navigation2/cmake/fishbot_navigation2Config.cmake
[0.549s] -- Installing: /home/gy/ROS2_Coming-ROS_Carto/02carto/colcon_ws/install/fishbot_navigation2/share/fishbot_navigation2/cmake/fishbot_navigation2Config-version.cmake
[0.549s] -- Installing: /home/gy/ROS2_Coming-ROS_Carto/02carto/colcon_ws/install/fishbot_navigation2/share/fishbot_navigation2/package.xml
[0.551s] Invoked command in '/home/gy/ROS2_Coming-ROS_Carto/02carto/colcon_ws/build/fishbot_navigation2' returned '0': CMAKE_PREFIX_PATH=${CMAKE_PREFIX_PATH}:/opt/ros/humble /usr/bin/cmake --install /home/gy/ROS2_Coming-ROS_Carto/02carto/colcon_ws/build/fishbot_navigation2
