[0.308s] Invoking command in '/home/gy/ROS2_Coming/05fishbot/src/fishbot_description': PYTHONPATH=/home/gy/ROS2_Coming/05fishbot/build/fishbot_description/prefix_override:/usr/lib/python3/dist-packages/colcon_core/task/python/colcon_distutils_commands:/home/gy/ROS2_Coming/05fishbot/install/fishbot_description/lib/python3.10/site-packages:${PYTHONPATH} /usr/bin/python3 -W ignore:setup.py install is deprecated setup.py egg_info --egg-base ../../build/fishbot_description build --build-base /home/gy/ROS2_Coming/05fishbot/build/fishbot_description/build install --record /home/gy/ROS2_Coming/05fishbot/build/fishbot_description/install.log --single-version-externally-managed install_data
[0.422s] running egg_info
[0.422s] writing ../../build/fishbot_description/fishbot_description.egg-info/PKG-INFO
[0.422s] writing dependency_links to ../../build/fishbot_description/fishbot_description.egg-info/dependency_links.txt
[0.422s] writing entry points to ../../build/fishbot_description/fishbot_description.egg-info/entry_points.txt
[0.422s] writing requirements to ../../build/fishbot_description/fishbot_description.egg-info/requires.txt
[0.423s] writing top-level names to ../../build/fishbot_description/fishbot_description.egg-info/top_level.txt
[0.424s] reading manifest file '../../build/fishbot_description/fishbot_description.egg-info/SOURCES.txt'
[0.424s] writing manifest file '../../build/fishbot_description/fishbot_description.egg-info/SOURCES.txt'
[0.424s] running build
[0.424s] running build_py
[0.424s] running install
[0.424s] running install_lib
[0.425s] running install_data
[0.425s] copying urdf/fishbot_v1.0.0.urdf -> /home/gy/ROS2_Coming/05fishbot/install/fishbot_description/share/fishbot_description/urdf
[0.425s] running install_egg_info
[0.426s] removing '/home/gy/ROS2_Coming/05fishbot/install/fishbot_description/lib/python3.10/site-packages/fishbot_description-0.0.0-py3.10.egg-info' (and everything under it)
[0.426s] Copying ../../build/fishbot_description/fishbot_description.egg-info to /home/gy/ROS2_Coming/05fishbot/install/fishbot_description/lib/python3.10/site-packages/fishbot_description-0.0.0-py3.10.egg-info
[0.426s] running install_scripts
[0.438s] Installing rotate_wheel script to /home/gy/ROS2_Coming/05fishbot/install/fishbot_description/lib/fishbot_description
[0.438s] writing list of installed files to '/home/gy/ROS2_Coming/05fishbot/build/fishbot_description/install.log'
[0.451s] Invoked command in '/home/gy/ROS2_Coming/05fishbot/src/fishbot_description' returned '0': PYTHONPATH=/home/gy/ROS2_Coming/05fishbot/build/fishbot_description/prefix_override:/usr/lib/python3/dist-packages/colcon_core/task/python/colcon_distutils_commands:/home/gy/ROS2_Coming/05fishbot/install/fishbot_description/lib/python3.10/site-packages:${PYTHONPATH} /usr/bin/python3 -W ignore:setup.py install is deprecated setup.py egg_info --egg-base ../../build/fishbot_description build --build-base /home/gy/ROS2_Coming/05fishbot/build/fishbot_description/build install --record /home/gy/ROS2_Coming/05fishbot/build/fishbot_description/install.log --single-version-externally-managed install_data
