[0.008s] Invoking command in '/home/gy/ROS2_Coming/05fishbot/build/fishbot_bringup': CMAKE_PREFIX_PATH=${CMAKE_PREFIX_PATH}:/home/gy/ROS2_Coming/05fishbot/install/fishbot_description:/opt/ros/humble /usr/bin/cmake /home/gy/ROS2_Coming/05fishbot/src/fishbot_bringup -DCMAKE_INSTALL_PREFIX=/home/gy/ROS2_Coming/05fishbot/install/fishbot_bringup
[0.063s] -- The C compiler identification is GNU 11.4.0
[0.110s] -- The CXX compiler identification is GNU 11.4.0
[0.115s] -- Detecting C compiler ABI info
[0.164s] -- Detecting C compiler ABI info - done
[0.168s] -- Check for working C compiler: /usr/bin/cc - skipped
[0.168s] -- Detecting C compile features
[0.169s] -- Detecting C compile features - done
[0.171s] -- Detecting CXX compiler ABI info
[0.231s] -- Detecting CXX compiler ABI info - done
[0.236s] -- Check for working CXX compiler: /usr/bin/c++ - skipped
[0.236s] -- Detecting CXX compile features
[0.237s] -- Detecting CXX compile features - done
[0.241s] -- Found ament_cmake: 1.3.10 (/opt/ros/humble/share/ament_cmake/cmake)
[0.337s] -- Found Python3: /usr/bin/python3 (found version "3.10.12") found components: Interpreter 
[0.390s] -- Found rclcpp: 16.0.10 (/opt/ros/humble/share/rclcpp/cmake)
[0.415s] -- Found rosidl_generator_c: 3.1.5 (/opt/ros/humble/share/rosidl_generator_c/cmake)
[0.417s] -- Found rosidl_adapter: 3.1.5 (/opt/ros/humble/share/rosidl_adapter/cmake)
[0.422s] -- Found rosidl_generator_cpp: 3.1.5 (/opt/ros/humble/share/rosidl_generator_cpp/cmake)
[0.431s] -- Using all available rosidl_typesupport_c: rosidl_typesupport_fastrtps_c;rosidl_typesupport_introspection_c
[0.441s] -- Using all available rosidl_typesupport_cpp: rosidl_typesupport_fastrtps_cpp;rosidl_typesupport_introspection_cpp
[0.467s] -- Found rmw_implementation_cmake: 6.1.2 (/opt/ros/humble/share/rmw_implementation_cmake/cmake)
[0.469s] -- Found rmw_fastrtps_cpp: 6.2.7 (/opt/ros/humble/share/rmw_fastrtps_cpp/cmake)
[0.542s] -- Found OpenSSL: /usr/lib/x86_64-linux-gnu/libcrypto.so (found version "3.0.2")  
[0.562s] -- Found FastRTPS: /opt/ros/humble/include  
[0.587s] -- Using RMW implementation 'rmw_fastrtps_cpp' as default
[0.592s] -- Looking for pthread.h
[0.654s] -- Looking for pthread.h - found
[0.654s] -- Performing Test CMAKE_HAVE_LIBC_PTHREAD
[0.718s] -- Performing Test CMAKE_HAVE_LIBC_PTHREAD - Success
[0.719s] -- Found Threads: TRUE  
[0.749s] -- Found geometry_msgs: 4.2.4 (/opt/ros/humble/share/geometry_msgs/cmake)
[0.756s] -- Found nav_msgs: 4.2.4 (/opt/ros/humble/share/nav_msgs/cmake)
[0.767s] -- Found tf2: 0.25.8 (/opt/ros/humble/share/tf2/cmake)
[0.773s] -- Found tf2_ros: 0.25.8 (/opt/ros/humble/share/tf2_ros/cmake)
[0.822s] -- Found ament_lint_auto: 0.12.11 (/opt/ros/humble/share/ament_lint_auto/cmake)
[0.866s] -- Added test 'cppcheck' to perform static code analysis on C / C++ code
[0.866s] -- Configured cppcheck include dirs: $<BUILD_INTERFACE:/home/gy/ROS2_Coming/05fishbot/src/fishbot_bringup/include>
[0.866s] -- Configured cppcheck exclude dirs and/or files: 
[0.866s] -- Added test 'flake8' to check Python code syntax and style conventions
[0.866s] -- Added test 'lint_cmake' to check CMake code style
[0.866s] -- Added test 'pep257' to check Python code against some of the docstring style conventions in PEP 257
[0.867s] -- Added test 'uncrustify' to check C / C++ code style
[0.867s] -- Configured uncrustify additional arguments: 
[0.867s] -- Added test 'xmllint' to check XML markup files
[0.868s] -- Configuring done
[0.874s] -- Generating done
[0.875s] -- Build files have been written to: /home/gy/ROS2_Coming/05fishbot/build/fishbot_bringup
[0.881s] Invoked command in '/home/gy/ROS2_Coming/05fishbot/build/fishbot_bringup' returned '0': CMAKE_PREFIX_PATH=${CMAKE_PREFIX_PATH}:/home/gy/ROS2_Coming/05fishbot/install/fishbot_description:/opt/ros/humble /usr/bin/cmake /home/gy/ROS2_Coming/05fishbot/src/fishbot_bringup -DCMAKE_INSTALL_PREFIX=/home/gy/ROS2_Coming/05fishbot/install/fishbot_bringup
[0.882s] Invoking command in '/home/gy/ROS2_Coming/05fishbot/build/fishbot_bringup': CMAKE_PREFIX_PATH=${CMAKE_PREFIX_PATH}:/home/gy/ROS2_Coming/05fishbot/install/fishbot_description:/opt/ros/humble /usr/bin/cmake --build /home/gy/ROS2_Coming/05fishbot/build/fishbot_bringup -- -j20 -l20
[0.922s] [ 50%] [32mBuilding CXX object CMakeFiles/fishbot_bringup.dir/src/fishbot_bringup.cpp.o[0m
[5.509s] [100%] [32m[1mLinking CXX executable fishbot_bringup[0m
[5.752s] [100%] Built target fishbot_bringup
[5.763s] Invoked command in '/home/gy/ROS2_Coming/05fishbot/build/fishbot_bringup' returned '0': CMAKE_PREFIX_PATH=${CMAKE_PREFIX_PATH}:/home/gy/ROS2_Coming/05fishbot/install/fishbot_description:/opt/ros/humble /usr/bin/cmake --build /home/gy/ROS2_Coming/05fishbot/build/fishbot_bringup -- -j20 -l20
[5.796s] Invoking command in '/home/gy/ROS2_Coming/05fishbot/build/fishbot_bringup': CMAKE_PREFIX_PATH=${CMAKE_PREFIX_PATH}:/home/gy/ROS2_Coming/05fishbot/install/fishbot_description:/opt/ros/humble /usr/bin/cmake --install /home/gy/ROS2_Coming/05fishbot/build/fishbot_bringup
[5.804s] -- Install configuration: ""
[5.804s] -- Installing: /home/gy/ROS2_Coming/05fishbot/install/fishbot_bringup/lib/fishbot_bringup/fishbot_bringup
[5.806s] -- Set runtime path of "/home/gy/ROS2_Coming/05fishbot/install/fishbot_bringup/lib/fishbot_bringup/fishbot_bringup" to ""
[5.806s] -- Installing: /home/gy/ROS2_Coming/05fishbot/install/fishbot_bringup/share/fishbot_bringup/launch
[5.806s] -- Installing: /home/gy/ROS2_Coming/05fishbot/install/fishbot_bringup/share/fishbot_bringup/launch/fishbot_bringup.launch.py
[5.807s] -- Installing: /home/gy/ROS2_Coming/05fishbot/install/fishbot_bringup/share/ament_index/resource_index/package_run_dependencies/fishbot_bringup
[5.807s] -- Installing: /home/gy/ROS2_Coming/05fishbot/install/fishbot_bringup/share/ament_index/resource_index/parent_prefix_path/fishbot_bringup
[5.807s] -- Installing: /home/gy/ROS2_Coming/05fishbot/install/fishbot_bringup/share/fishbot_bringup/environment/ament_prefix_path.sh
[5.807s] -- Installing: /home/gy/ROS2_Coming/05fishbot/install/fishbot_bringup/share/fishbot_bringup/environment/ament_prefix_path.dsv
[5.807s] -- Installing: /home/gy/ROS2_Coming/05fishbot/install/fishbot_bringup/share/fishbot_bringup/environment/path.sh
[5.807s] -- Installing: /home/gy/ROS2_Coming/05fishbot/install/fishbot_bringup/share/fishbot_bringup/environment/path.dsv
[5.807s] -- Installing: /home/gy/ROS2_Coming/05fishbot/install/fishbot_bringup/share/fishbot_bringup/local_setup.bash
[5.807s] -- Installing: /home/gy/ROS2_Coming/05fishbot/install/fishbot_bringup/share/fishbot_bringup/local_setup.sh
[5.807s] -- Installing: /home/gy/ROS2_Coming/05fishbot/install/fishbot_bringup/share/fishbot_bringup/local_setup.zsh
[5.807s] -- Installing: /home/gy/ROS2_Coming/05fishbot/install/fishbot_bringup/share/fishbot_bringup/local_setup.dsv
[5.807s] -- Installing: /home/gy/ROS2_Coming/05fishbot/install/fishbot_bringup/share/fishbot_bringup/package.dsv
[5.807s] -- Installing: /home/gy/ROS2_Coming/05fishbot/install/fishbot_bringup/share/ament_index/resource_index/packages/fishbot_bringup
[5.807s] -- Installing: /home/gy/ROS2_Coming/05fishbot/install/fishbot_bringup/share/fishbot_bringup/cmake/fishbot_bringupConfig.cmake
[5.807s] -- Installing: /home/gy/ROS2_Coming/05fishbot/install/fishbot_bringup/share/fishbot_bringup/cmake/fishbot_bringupConfig-version.cmake
[5.807s] -- Installing: /home/gy/ROS2_Coming/05fishbot/install/fishbot_bringup/share/fishbot_bringup/package.xml
[5.809s] Invoked command in '/home/gy/ROS2_Coming/05fishbot/build/fishbot_bringup' returned '0': CMAKE_PREFIX_PATH=${CMAKE_PREFIX_PATH}:/home/gy/ROS2_Coming/05fishbot/install/fishbot_description:/opt/ros/humble /usr/bin/cmake --install /home/gy/ROS2_Coming/05fishbot/build/fishbot_bringup
