[0.006s] Invoking command in '/home/gy/ROS2_Coming-ROS_Carto/02carto/colcon_ws/build/fishbot_navigation2': CMAKE_PREFIX_PATH=${CMAKE_PREFIX_PATH}:/opt/ros/humble /usr/bin/cmake --build /home/gy/ROS2_Coming-ROS_Carto/02carto/colcon_ws/build/fishbot_navigation2 -- -j20 -l20
[0.033s] Invoked command in '/home/gy/ROS2_Coming-ROS_Carto/02carto/colcon_ws/build/fishbot_navigation2' returned '0': CMAKE_PREFIX_PATH=${CMAKE_PREFIX_PATH}:/opt/ros/humble /usr/bin/cmake --build /home/gy/ROS2_Coming-ROS_Carto/02carto/colcon_ws/build/fishbot_navigation2 -- -j20 -l20
[0.051s] Invoking command in '/home/gy/ROS2_Coming-ROS_Carto/02carto/colcon_ws/build/fishbot_navigation2': CMAKE_PREFIX_PATH=${CMAKE_PREFIX_PATH}:/opt/ros/humble /usr/bin/cmake --install /home/gy/ROS2_Coming-ROS_Carto/02carto/colcon_ws/build/fishbot_navigation2
[0.058s] -- Install configuration: ""
[0.058s] -- Up-to-date: /home/gy/ROS2_Coming-ROS_Carto/02carto/colcon_ws/install/fishbot_navigation2/share/fishbot_navigation2/launch
[0.058s] -- Up-to-date: /home/gy/ROS2_Coming-ROS_Carto/02carto/colcon_ws/install/fishbot_navigation2/share/fishbot_navigation2/launch/navigation2.launch.py
[0.058s] -- Up-to-date: /home/gy/ROS2_Coming-ROS_Carto/02carto/colcon_ws/install/fishbot_navigation2/share/fishbot_navigation2/param
[0.058s] -- Up-to-date: /home/gy/ROS2_Coming-ROS_Carto/02carto/colcon_ws/install/fishbot_navigation2/share/fishbot_navigation2/param/fishbot_nav2.yaml
[0.058s] -- Up-to-date: /home/gy/ROS2_Coming-ROS_Carto/02carto/colcon_ws/install/fishbot_navigation2/share/fishbot_navigation2/maps
[0.058s] -- Up-to-date: /home/gy/ROS2_Coming-ROS_Carto/02carto/colcon_ws/install/fishbot_navigation2/share/fishbot_navigation2/maps/fishbot_map.pgm
[0.058s] -- Up-to-date: /home/gy/ROS2_Coming-ROS_Carto/02carto/colcon_ws/install/fishbot_navigation2/share/fishbot_navigation2/maps/fishbot_map.yaml
[0.058s] -- Up-to-date: /home/gy/ROS2_Coming-ROS_Carto/02carto/colcon_ws/install/fishbot_navigation2/share/ament_index/resource_index/package_run_dependencies/fishbot_navigation2
[0.058s] -- Up-to-date: /home/gy/ROS2_Coming-ROS_Carto/02carto/colcon_ws/install/fishbot_navigation2/share/ament_index/resource_index/parent_prefix_path/fishbot_navigation2
[0.058s] -- Up-to-date: /home/gy/ROS2_Coming-ROS_Carto/02carto/colcon_ws/install/fishbot_navigation2/share/fishbot_navigation2/environment/ament_prefix_path.sh
[0.058s] -- Up-to-date: /home/gy/ROS2_Coming-ROS_Carto/02carto/colcon_ws/install/fishbot_navigation2/share/fishbot_navigation2/environment/ament_prefix_path.dsv
[0.058s] -- Up-to-date: /home/gy/ROS2_Coming-ROS_Carto/02carto/colcon_ws/install/fishbot_navigation2/share/fishbot_navigation2/environment/path.sh
[0.058s] -- Up-to-date: /home/gy/ROS2_Coming-ROS_Carto/02carto/colcon_ws/install/fishbot_navigation2/share/fishbot_navigation2/environment/path.dsv
[0.058s] -- Up-to-date: /home/gy/ROS2_Coming-ROS_Carto/02carto/colcon_ws/install/fishbot_navigation2/share/fishbot_navigation2/local_setup.bash
[0.058s] -- Up-to-date: /home/gy/ROS2_Coming-ROS_Carto/02carto/colcon_ws/install/fishbot_navigation2/share/fishbot_navigation2/local_setup.sh
[0.058s] -- Up-to-date: /home/gy/ROS2_Coming-ROS_Carto/02carto/colcon_ws/install/fishbot_navigation2/share/fishbot_navigation2/local_setup.zsh
[0.058s] -- Up-to-date: /home/gy/ROS2_Coming-ROS_Carto/02carto/colcon_ws/install/fishbot_navigation2/share/fishbot_navigation2/local_setup.dsv
[0.058s] -- Installing: /home/gy/ROS2_Coming-ROS_Carto/02carto/colcon_ws/install/fishbot_navigation2/share/fishbot_navigation2/package.dsv
[0.059s] -- Up-to-date: /home/gy/ROS2_Coming-ROS_Carto/02carto/colcon_ws/install/fishbot_navigation2/share/ament_index/resource_index/packages/fishbot_navigation2
[0.059s] -- Up-to-date: /home/gy/ROS2_Coming-ROS_Carto/02carto/colcon_ws/install/fishbot_navigation2/share/fishbot_navigation2/cmake/fishbot_navigation2Config.cmake
[0.059s] -- Up-to-date: /home/gy/ROS2_Coming-ROS_Carto/02carto/colcon_ws/install/fishbot_navigation2/share/fishbot_navigation2/cmake/fishbot_navigation2Config-version.cmake
[0.059s] -- Up-to-date: /home/gy/ROS2_Coming-ROS_Carto/02carto/colcon_ws/install/fishbot_navigation2/share/fishbot_navigation2/package.xml
[0.066s] Invoked command in '/home/gy/ROS2_Coming-ROS_Carto/02carto/colcon_ws/build/fishbot_navigation2' returned '0': CMAKE_PREFIX_PATH=${CMAKE_PREFIX_PATH}:/opt/ros/humble /usr/bin/cmake --install /home/gy/ROS2_Coming-ROS_Carto/02carto/colcon_ws/build/fishbot_navigation2
