-- Install configuration: ""
-- Up-to-date: /home/gy/ROS2_Coming-ROS_Carto/02carto/colcon_ws/install/fishbot_navigation2/share/fishbot_navigation2/launch
-- Installing: /home/gy/ROS2_Coming-ROS_Carto/02carto/colcon_ws/install/fishbot_navigation2/share/fishbot_navigation2/launch/navigation2.launch.py
-- Up-to-date: /home/gy/ROS2_Coming-ROS_Carto/02carto/colcon_ws/install/fishbot_navigation2/share/fishbot_navigation2/param
-- Up-to-date: /home/gy/ROS2_Coming-ROS_Carto/02carto/colcon_ws/install/fishbot_navigation2/share/fishbot_navigation2/param/fishbot_nav2.yaml
-- Up-to-date: /home/gy/ROS2_Coming-ROS_Carto/02carto/colcon_ws/install/fishbot_navigation2/share/fishbot_navigation2/maps
-- Installing: /home/gy/ROS2_Coming-ROS_Carto/02carto/colcon_ws/install/fishbot_navigation2/share/fishbot_navigation2/maps/fishbot_map1.yaml
-- Installing: /home/gy/ROS2_Coming-ROS_Carto/02carto/colcon_ws/install/fishbot_navigation2/share/fishbot_navigation2/maps/fishbot_map1.pgm
-- Up-to-date: /home/gy/ROS2_Coming-ROS_Carto/02carto/colcon_ws/install/fishbot_navigation2/share/ament_index/resource_index/package_run_dependencies/fishbot_navigation2
-- Up-to-date: /home/gy/ROS2_Coming-ROS_Carto/02carto/colcon_ws/install/fishbot_navigation2/share/ament_index/resource_index/parent_prefix_path/fishbot_navigation2
-- Up-to-date: /home/gy/ROS2_Coming-ROS_Carto/02carto/colcon_ws/install/fishbot_navigation2/share/fishbot_navigation2/environment/ament_prefix_path.sh
-- Up-to-date: /home/gy/ROS2_Coming-ROS_Carto/02carto/colcon_ws/install/fishbot_navigation2/share/fishbot_navigation2/environment/ament_prefix_path.dsv
-- Up-to-date: /home/gy/ROS2_Coming-ROS_Carto/02carto/colcon_ws/install/fishbot_navigation2/share/fishbot_navigation2/environment/path.sh
-- Up-to-date: /home/gy/ROS2_Coming-ROS_Carto/02carto/colcon_ws/install/fishbot_navigation2/share/fishbot_navigation2/environment/path.dsv
-- Up-to-date: /home/gy/ROS2_Coming-ROS_Carto/02carto/colcon_ws/install/fishbot_navigation2/share/fishbot_navigation2/local_setup.bash
-- Up-to-date: /home/gy/ROS2_Coming-ROS_Carto/02carto/colcon_ws/install/fishbot_navigation2/share/fishbot_navigation2/local_setup.sh
-- Up-to-date: /home/gy/ROS2_Coming-ROS_Carto/02carto/colcon_ws/install/fishbot_navigation2/share/fishbot_navigation2/local_setup.zsh
-- Up-to-date: /home/gy/ROS2_Coming-ROS_Carto/02carto/colcon_ws/install/fishbot_navigation2/share/fishbot_navigation2/local_setup.dsv
-- Installing: /home/gy/ROS2_Coming-ROS_Carto/02carto/colcon_ws/install/fishbot_navigation2/share/fishbot_navigation2/package.dsv
-- Up-to-date: /home/gy/ROS2_Coming-ROS_Carto/02carto/colcon_ws/install/fishbot_navigation2/share/ament_index/resource_index/packages/fishbot_navigation2
-- Up-to-date: /home/gy/ROS2_Coming-ROS_Carto/02carto/colcon_ws/install/fishbot_navigation2/share/fishbot_navigation2/cmake/fishbot_navigation2Config.cmake
-- Up-to-date: /home/gy/ROS2_Coming-ROS_Carto/02carto/colcon_ws/install/fishbot_navigation2/share/fishbot_navigation2/cmake/fishbot_navigation2Config-version.cmake
-- Up-to-date: /home/gy/ROS2_Coming-ROS_Carto/02carto/colcon_ws/install/fishbot_navigation2/share/fishbot_navigation2/package.xml
