[0.305s] Invoking command in '/home/gy/ROS2_Coming/05fishbot/src/fishbot_description': PYTHONPATH=/home/gy/ROS2_Coming/05fishbot/build/fishbot_description/prefix_override:/usr/lib/python3/dist-packages/colcon_core/task/python/colcon_distutils_commands:/home/gy/ROS2_Coming/05fishbot/install/fishbot_description/lib/python3.10/site-packages:${PYTHONPATH} /usr/bin/python3 -W ignore:setup.py install is deprecated setup.py egg_info --egg-base ../../build/fishbot_description build --build-base /home/gy/ROS2_Coming/05fishbot/build/fishbot_description/build install --record /home/gy/ROS2_Coming/05fishbot/build/fishbot_description/install.log --single-version-externally-managed install_data
[0.423s] running egg_info
[0.423s] creating ../../build/fishbot_description/fishbot_description.egg-info
[0.423s] writing ../../build/fishbot_description/fishbot_description.egg-info/PKG-INFO
[0.423s] writing dependency_links to ../../build/fishbot_description/fishbot_description.egg-info/dependency_links.txt
[0.424s] writing entry points to ../../build/fishbot_description/fishbot_description.egg-info/entry_points.txt
[0.424s] writing requirements to ../../build/fishbot_description/fishbot_description.egg-info/requires.txt
[0.424s] writing top-level names to ../../build/fishbot_description/fishbot_description.egg-info/top_level.txt
[0.424s] writing manifest file '../../build/fishbot_description/fishbot_description.egg-info/SOURCES.txt'
[0.425s] reading manifest file '../../build/fishbot_description/fishbot_description.egg-info/SOURCES.txt'
[0.425s] writing manifest file '../../build/fishbot_description/fishbot_description.egg-info/SOURCES.txt'
[0.425s] running build
[0.425s] running build_py
[0.425s] creating /home/gy/ROS2_Coming/05fishbot/build/fishbot_description/build
[0.425s] creating /home/gy/ROS2_Coming/05fishbot/build/fishbot_description/build/lib
[0.425s] creating /home/gy/ROS2_Coming/05fishbot/build/fishbot_description/build/lib/fishbot_description
[0.425s] copying fishbot_description/__init__.py -> /home/gy/ROS2_Coming/05fishbot/build/fishbot_description/build/lib/fishbot_description
[0.426s] running install
[0.426s] running install_lib
[0.426s] creating /home/gy/ROS2_Coming/05fishbot/install/fishbot_description/lib/python3.10/site-packages/fishbot_description
[0.426s] copying /home/gy/ROS2_Coming/05fishbot/build/fishbot_description/build/lib/fishbot_description/__init__.py -> /home/gy/ROS2_Coming/05fishbot/install/fishbot_description/lib/python3.10/site-packages/fishbot_description
[0.426s] byte-compiling /home/gy/ROS2_Coming/05fishbot/install/fishbot_description/lib/python3.10/site-packages/fishbot_description/__init__.py to __init__.cpython-310.pyc
[0.426s] running install_data
[0.426s] creating /home/gy/ROS2_Coming/05fishbot/install/fishbot_description/share/ament_index
[0.427s] creating /home/gy/ROS2_Coming/05fishbot/install/fishbot_description/share/ament_index/resource_index
[0.427s] creating /home/gy/ROS2_Coming/05fishbot/install/fishbot_description/share/ament_index/resource_index/packages
[0.427s] copying resource/fishbot_description -> /home/gy/ROS2_Coming/05fishbot/install/fishbot_description/share/ament_index/resource_index/packages
[0.427s] copying package.xml -> /home/gy/ROS2_Coming/05fishbot/install/fishbot_description/share/fishbot_description
[0.427s] creating /home/gy/ROS2_Coming/05fishbot/install/fishbot_description/share/fishbot_description/launch
[0.427s] creating /home/gy/ROS2_Coming/05fishbot/install/fishbot_description/share/fishbot_description/urdf
[0.427s] running install_egg_info
[0.428s] Copying ../../build/fishbot_description/fishbot_description.egg-info to /home/gy/ROS2_Coming/05fishbot/install/fishbot_description/lib/python3.10/site-packages/fishbot_description-0.0.0-py3.10.egg-info
[0.428s] running install_scripts
[0.441s] Installing rotate_wheel script to /home/gy/ROS2_Coming/05fishbot/install/fishbot_description/lib/fishbot_description
[0.441s] writing list of installed files to '/home/gy/ROS2_Coming/05fishbot/build/fishbot_description/install.log'
[0.455s] Invoked command in '/home/gy/ROS2_Coming/05fishbot/src/fishbot_description' returned '0': PYTHONPATH=/home/gy/ROS2_Coming/05fishbot/build/fishbot_description/prefix_override:/usr/lib/python3/dist-packages/colcon_core/task/python/colcon_distutils_commands:/home/gy/ROS2_Coming/05fishbot/install/fishbot_description/lib/python3.10/site-packages:${PYTHONPATH} /usr/bin/python3 -W ignore:setup.py install is deprecated setup.py egg_info --egg-base ../../build/fishbot_description build --build-base /home/gy/ROS2_Coming/05fishbot/build/fishbot_description/build install --record /home/gy/ROS2_Coming/05fishbot/build/fishbot_description/install.log --single-version-externally-managed install_data
