[35m[1mConsolidate compiler generated dependencies of target fishbot_bringup[0m
[100%] Built target fishbot_bringup
-- Install configuration: ""
-- Up-to-date: /home/gy/ROS2_Coming/05fishbot/install/fishbot_bringup/lib/fishbot_bringup/fishbot_bringup
-- Up-to-date: /home/gy/ROS2_Coming/05fishbot/install/fishbot_bringup/share/fishbot_bringup/launch
-- Up-to-date: /home/gy/ROS2_Coming/05fishbot/install/fishbot_bringup/share/fishbot_bringup/launch/fishbot_bringup.launch.py
-- Up-to-date: /home/gy/ROS2_Coming/05fishbot/install/fishbot_bringup/share/ament_index/resource_index/package_run_dependencies/fishbot_bringup
-- Up-to-date: /home/gy/ROS2_Coming/05fishbot/install/fishbot_bringup/share/ament_index/resource_index/parent_prefix_path/fishbot_bringup
-- Up-to-date: /home/gy/ROS2_Coming/05fishbot/install/fishbot_bringup/share/fishbot_bringup/environment/ament_prefix_path.sh
-- Up-to-date: /home/gy/ROS2_Coming/05fishbot/install/fishbot_bringup/share/fishbot_bringup/environment/ament_prefix_path.dsv
-- Up-to-date: /home/gy/ROS2_Coming/05fishbot/install/fishbot_bringup/share/fishbot_bringup/environment/path.sh
-- Up-to-date: /home/gy/ROS2_Coming/05fishbot/install/fishbot_bringup/share/fishbot_bringup/environment/path.dsv
-- Up-to-date: /home/gy/ROS2_Coming/05fishbot/install/fishbot_bringup/share/fishbot_bringup/local_setup.bash
-- Up-to-date: /home/gy/ROS2_Coming/05fishbot/install/fishbot_bringup/share/fishbot_bringup/local_setup.sh
-- Up-to-date: /home/gy/ROS2_Coming/05fishbot/install/fishbot_bringup/share/fishbot_bringup/local_setup.zsh
-- Up-to-date: /home/gy/ROS2_Coming/05fishbot/install/fishbot_bringup/share/fishbot_bringup/local_setup.dsv
-- Installing: /home/gy/ROS2_Coming/05fishbot/install/fishbot_bringup/share/fishbot_bringup/package.dsv
-- Up-to-date: /home/gy/ROS2_Coming/05fishbot/install/fishbot_bringup/share/ament_index/resource_index/packages/fishbot_bringup
-- Up-to-date: /home/gy/ROS2_Coming/05fishbot/install/fishbot_bringup/share/fishbot_bringup/cmake/fishbot_bringupConfig.cmake
-- Up-to-date: /home/gy/ROS2_Coming/05fishbot/install/fishbot_bringup/share/fishbot_bringup/cmake/fishbot_bringupConfig-version.cmake
-- Up-to-date: /home/gy/ROS2_Coming/05fishbot/install/fishbot_bringup/share/fishbot_bringup/package.xml
