[0.009s] Invoking command in '/home/gy/ROS2_Coming/05fishbot/build/fishbot_bringup': CMAKE_PREFIX_PATH=${CMAKE_PREFIX_PATH}:/home/gy/ROS2_Coming/05fishbot/install/fishbot_description:/opt/ros/humble /usr/bin/cmake --build /home/gy/ROS2_Coming/05fishbot/build/fishbot_bringup -- -j20 -l20
[0.039s] [35m[1mConsolidate compiler generated dependencies of target fishbot_bringup[0m
[0.053s] [100%] Built target fishbot_bringup
[0.146s] Invoked command in '/home/gy/ROS2_Coming/05fishbot/build/fishbot_bringup' returned '0': CMAKE_PREFIX_PATH=${CMAKE_PREFIX_PATH}:/home/gy/ROS2_Coming/05fishbot/install/fishbot_description:/opt/ros/humble /usr/bin/cmake --build /home/gy/ROS2_Coming/05fishbot/build/fishbot_bringup -- -j20 -l20
[0.170s] Invoking command in '/home/gy/ROS2_Coming/05fishbot/build/fishbot_bringup': CMAKE_PREFIX_PATH=${CMAKE_PREFIX_PATH}:/home/gy/ROS2_Coming/05fishbot/install/fishbot_description:/opt/ros/humble /usr/bin/cmake --install /home/gy/ROS2_Coming/05fishbot/build/fishbot_bringup
[0.175s] -- Install configuration: ""
[0.175s] -- Up-to-date: /home/gy/ROS2_Coming/05fishbot/install/fishbot_bringup/lib/fishbot_bringup/fishbot_bringup
[0.175s] -- Up-to-date: /home/gy/ROS2_Coming/05fishbot/install/fishbot_bringup/share/fishbot_bringup/launch
[0.175s] -- Up-to-date: /home/gy/ROS2_Coming/05fishbot/install/fishbot_bringup/share/fishbot_bringup/launch/fishbot_bringup.launch.py
[0.176s] -- Up-to-date: /home/gy/ROS2_Coming/05fishbot/install/fishbot_bringup/share/ament_index/resource_index/package_run_dependencies/fishbot_bringup
[0.176s] -- Up-to-date: /home/gy/ROS2_Coming/05fishbot/install/fishbot_bringup/share/ament_index/resource_index/parent_prefix_path/fishbot_bringup
[0.176s] -- Up-to-date: /home/gy/ROS2_Coming/05fishbot/install/fishbot_bringup/share/fishbot_bringup/environment/ament_prefix_path.sh
[0.176s] -- Up-to-date: /home/gy/ROS2_Coming/05fishbot/install/fishbot_bringup/share/fishbot_bringup/environment/ament_prefix_path.dsv
[0.176s] -- Up-to-date: /home/gy/ROS2_Coming/05fishbot/install/fishbot_bringup/share/fishbot_bringup/environment/path.sh
[0.176s] -- Up-to-date: /home/gy/ROS2_Coming/05fishbot/install/fishbot_bringup/share/fishbot_bringup/environment/path.dsv
[0.176s] -- Up-to-date: /home/gy/ROS2_Coming/05fishbot/install/fishbot_bringup/share/fishbot_bringup/local_setup.bash
[0.176s] -- Up-to-date: /home/gy/ROS2_Coming/05fishbot/install/fishbot_bringup/share/fishbot_bringup/local_setup.sh
[0.176s] -- Up-to-date: /home/gy/ROS2_Coming/05fishbot/install/fishbot_bringup/share/fishbot_bringup/local_setup.zsh
[0.176s] -- Up-to-date: /home/gy/ROS2_Coming/05fishbot/install/fishbot_bringup/share/fishbot_bringup/local_setup.dsv
[0.176s] -- Installing: /home/gy/ROS2_Coming/05fishbot/install/fishbot_bringup/share/fishbot_bringup/package.dsv
[0.176s] -- Up-to-date: /home/gy/ROS2_Coming/05fishbot/install/fishbot_bringup/share/ament_index/resource_index/packages/fishbot_bringup
[0.176s] -- Up-to-date: /home/gy/ROS2_Coming/05fishbot/install/fishbot_bringup/share/fishbot_bringup/cmake/fishbot_bringupConfig.cmake
[0.176s] -- Up-to-date: /home/gy/ROS2_Coming/05fishbot/install/fishbot_bringup/share/fishbot_bringup/cmake/fishbot_bringupConfig-version.cmake
[0.176s] -- Up-to-date: /home/gy/ROS2_Coming/05fishbot/install/fishbot_bringup/share/fishbot_bringup/package.xml
[0.177s] Invoked command in '/home/gy/ROS2_Coming/05fishbot/build/fishbot_bringup' returned '0': CMAKE_PREFIX_PATH=${CMAKE_PREFIX_PATH}:/home/gy/ROS2_Coming/05fishbot/install/fishbot_description:/opt/ros/humble /usr/bin/cmake --install /home/gy/ROS2_Coming/05fishbot/build/fishbot_bringup
